 ICSStream

 Timestamp is 478c445e (Tue Jan 15 14:27:58 2008)

 Preferred load address is 10000000

 Start         Length     Name                   Class
 0001:00000000 0002a29aH .text                   CODE
 0001:0002a2a0 000032eaH .text$x                 CODE
 0002:00000000 000004a8H .idata$5                DATA
 0002:000004a8 00005de4H .rdata                  DATA
 0002:00006290 000000c4H .rdata$r                DATA
 0002:00006358 00003ba0H .xdata$x                DATA
 0002:00009ef8 0000012cH .idata$2                DATA
 0002:0000a024 00000014H .idata$3                DATA
 0002:0000a038 000004a8H .idata$4                DATA
 0002:0000a4e0 00000bbaH .idata$6                DATA
 0002:0000b0a0 000000a5H .edata                  DATA
 0003:00000000 0000151cH .data                   DATA
 0003:00001520 00001b54H .bss                    DATA
 0004:00000000 00000004H .CRT$XCL                DATA
 0004:00000004 00000014H .CRT$XCU                DATA
 0005:00000000 0000000cH .rodata                 DATA
 0006:00000000 000004f0H .rsrc$01                DATA
 0006:000004f0 000063b0H .rsrc$02                DATA

  Address         Publics by Value              Rva+Base     Lib:Object

 0001:00000000       _decode_adpcm              10001000 f   audioutil.obj
 0001:00000110       _Base64decode_len          10001110 f   base64.obj
 0001:00000140       _Base64decode              10001140 f   base64.obj
 0001:00000270       _Base64encode_len          10001270 f   base64.obj
 0001:00000290       _Base64encode              10001290 f   base64.obj
 0001:000003a0       _Base64encoded_len         100013a0 f   base64.obj
 0001:000003c0       ??0ComError@@QAE@JPBD@Z    100013c0 f   ComError.obj
 0001:000003f0       ??_EComError@@UAEPAXI@Z    100013f0 f i ComError.obj
 0001:000003f0       ??_GComError@@UAEPAXI@Z    100013f0 f i ComError.obj
 0001:00000410       ??1ComError@@UAE@XZ        10001410 f   ComError.obj
 0001:00000420       ??0CConfigManager@@QAE@PBDW4TargetType@SdpInfo@@00PAVHttpAgent@@HHH@Z 10001420 f   ConfigManager.obj
 0001:000004e0       ??_ECConfigManager@@UAEPAXI@Z 100014e0 f i ConfigManager.obj
 0001:000004e0       ??_GCConfigManager@@UAEPAXI@Z 100014e0 f i ConfigManager.obj
 0001:00000500       ??1CConfigManager@@UAE@XZ  10001500 f   ConfigManager.obj
 0001:000005a0       ?send_set_command@CConfigManager@@IAEXPBD0@Z 100015a0 f   ConfigManager.obj
 0001:000005d0       ?send_get_command@CConfigManager@@IAE?AVCString@@PBD@Z 100015d0 f   ConfigManager.obj
 0001:00000620       ?send_set_and_check@CConfigManager@@IAEKPBD0@Z 10001620 f   ConfigManager.obj
 0001:00000660       ?set_bandwidth@CConfigManager@@QAEXHABVCString@@0@Z 10001660 f   ConfigManager.obj
 0001:000006e0       ?set_name@CConfigManager@@QAEXPBDABVCString@@1@Z 100016e0 f   ConfigManager.obj
 0001:00000760       ?set_temp_video_size@CConfigManager@@QAEXFF@Z 10001760 f   ConfigManager.obj
 0001:000007e0       ?restore_video_size@CConfigManager@@QAEXXZ 100017e0 f   ConfigManager.obj
 0001:00000850       ?get_bandwidth@CConfigManager@@QAEHXZ 10001850 f   ConfigManager.obj
 0001:00000a20       ?get_name@CConfigManager@@QAE?AVCString@@XZ 10001a20 f   ConfigManager.obj
 0001:00000be0       ?get_mac_addr@CConfigManager@@QAE?AVCString@@XZ 10001be0 f   ConfigManager.obj
 0001:00000c70       ?get_position_count@CConfigManager@@QAEFXZ 10001c70 f   ConfigManager.obj
 0001:00000c90       ?retrieve_position_names@CConfigManager@@IAEXXZ 10001c90 f   ConfigManager.obj
 0001:00000fe0       ?get_position_name@CConfigManager@@QAE?AVCString@@H@Z 10001fe0 f   ConfigManager.obj
 0001:00001040       ?get_device_count@CConfigManager@@QAEFF@Z 10002040 f   ConfigManager.obj
 0001:00001080       ?get_device_name@CConfigManager@@QAE?AVCString@@HH@Z 10002080 f   ConfigManager.obj
 0001:00001130       ??1DevInfo@CConfigManager@@QAE@XZ 10002130 f i ConfigManager.obj
 0001:00001140       ?get_device_state@CConfigManager@@QAEFHH@Z 10002140 f   ConfigManager.obj
 0001:00001210       ?retrieve_device_info@CConfigManager@@IAEXXZ 10002210 f   ConfigManager.obj
 0001:000017b0       ?get_basic_setup@CConfigManager@@QAEHAAVCString@@@Z 100027b0 f   ConfigManager.obj
 0001:00001830       ?set_basic_setup@CConfigManager@@QAEHPBD@Z 10002830 f   ConfigManager.obj
 0001:00001850       ?change_dev_state@CConfigManager@@QAEXFFH@Z 10002850 f   ConfigManager.obj
 0001:00001910       ?change_pos_name@CConfigManager@@QAEXFPBD@Z 10002910 f   ConfigManager.obj
 0001:00001930       ??0?$CArray@UDevInfo@CConfigManager@@AAU12@@@QAE@XZ 10002930 f i ConfigManager.obj
 0001:00001950       ?GetAt@?$CArray@UDevInfo@CConfigManager@@AAU12@@@QBE?AUDevInfo@CConfigManager@@H@Z 10002950 f i ConfigManager.obj
 0001:00001990       ??1?$CArray@UDevInfo@CConfigManager@@AAU12@@@UAE@XZ 10002990 f i ConfigManager.obj
 0001:00001a00       ?Serialize@?$CArray@UDevInfo@CConfigManager@@AAU12@@@UAEXAAVCArchive@@@Z 10002a00 f i ConfigManager.obj
 0001:00001bd0       ??_G?$CArray@UDevInfo@CConfigManager@@AAU12@@@UAEPAXI@Z 10002bd0 f i ConfigManager.obj
 0001:00001bd0       ??_E?$CArray@UDevInfo@CConfigManager@@AAU12@@@UAEPAXI@Z 10002bd0 f i ConfigManager.obj
 0001:00001bf0       ??_ECObject@@UAEPAXI@Z     10002bf0 f i ConfigManager.obj
 0001:00001bf0       ??_GCObject@@UAEPAXI@Z     10002bf0 f i ConfigManager.obj
 0001:00001c10       ??1CObject@@UAE@XZ         10002c10 f i ConfigManager.obj
 0001:00001c20       ?Serialize@CObject@@UAEXAAVCArchive@@@Z 10002c20 f i ConfigManager.obj
 0001:00001c30       ?AssertValid@CObject@@UBEXXZ 10002c30 f i ConfigManager.obj
 0001:00001c40       ?Dump@CObject@@UBEXAAVCDumpContext@@@Z 10002c40 f i ConfigManager.obj
 0001:00001c50       ??_GDevInfo@CConfigManager@@QAEPAXI@Z 10002c50 f i ConfigManager.obj
 0001:00001c70       ?ConstructElements@@YGXPAUDevInfo@CConfigManager@@H@Z 10002c70 f i ConfigManager.obj
 0001:00001cf0       ??3@YAXPAX0@Z              10002cf0 f i ConfigManager.obj
 0001:00001d00       ?CvtHex@@YAXQAD0@Z         10002d00 f   digcalc.obj
 0001:00001d50       ?DigestCalcHA1@@YAXPBD00000QAD@Z 10002d50 f   digcalc.obj
 0001:00001eb0       ?DigestCalcResponse@@YAXQBDPBD111110QAD@Z 10002eb0 f   digcalc.obj
 0001:000020a0       ??0CEventString@@QAE@ABVCString@@@Z 100030a0 f   EventString.obj
 0001:000020d0       ?AddRef@CEventString@@MAGKXZ 100030d0 f i EventString.obj
 0001:000020f0       ?Release@CEventString@@MAGKXZ 100030f0 f i EventString.obj
 0001:00002130       ?QueryInterface@CEventString@@MAGJABU_GUID@@PAPAX@Z 10003130 f i EventString.obj
 0001:00002170       ??1CEventString@@QAE@XZ    10003170 f i EventString.obj
 0001:00002180       ?GetText@CEventString@@MAGJPAEH@Z 10003180 f   EventString.obj
 0001:000021d0       ??0CICSStreamFilter@@QAE@PAUIUnknown@@PAJ@Z 100031d0 f   fICSStream.obj
 0001:000026d0       ??_GCICSStreamFilter@@UAEPAXI@Z 100036d0 f i fICSStream.obj
 0001:000026d0       ??_ECICSStreamFilter@@UAEPAXI@Z 100036d0 f i fICSStream.obj
 0001:000026f0       ??1CICSStreamFilter@@UAE@XZ 100036f0 f   fICSStream.obj
 0001:000029e0       ?NonDelegatingQueryInterface@CICSStreamFilter@@MAGJABU_GUID@@PAPAX@Z 100039e0 f   fICSStream.obj
 0001:00002b60       ?GetPages@CICSStreamFilter@@MAGJPAUtagCAUUID@@@Z 10003b60 f   fICSStream.obj
 0001:00002be0       ?Run@CICSStreamFilter@@MAGJ_J@Z 10003be0 f   fICSStream.obj
 0001:00002c40       ?Stop@CICSStreamFilter@@MAGJXZ 10003c40 f   fICSStream.obj
 0001:00002de0       ?Pause@CICSStreamFilter@@MAGJXZ 10003de0 f   fICSStream.obj
 0001:00002f90       ?StartPlay@CICSStreamFilter@@QAEJH@Z 10003f90 f   fICSStream.obj
 0001:000031d0       ?StopPlay@CICSStreamFilter@@QAEJHH@Z 100041d0 f   fICSStream.obj
 0001:00003290       ?OnRTSPCallbackError@CICSStreamFilter@@MAGXJPBD@Z 10004290 f   fICSStream.obj
 0001:00003360       ?OnRTSPCallbackAuthError@CICSStreamFilter@@MAGX_N@Z 10004360 f   fICSStream.obj
 0001:000033a0       ?OnRTSPCallbackEncryptAuthError@CICSStreamFilter@@MAGXH@Z 100043a0 f   fICSStream.obj
 0001:000033d0       ?OnRTSPCallbackInit@CICSStreamFilter@@MAGXJ@Z 100043d0 f   fICSStream.obj
 0001:00003560       ?OnRTSPCallbackConnecting@CICSStreamFilter@@MAGXJ@Z 10004560 f   fICSStream.obj
 0001:00003580       ?OnRTSPCallbackConnected@CICSStreamFilter@@MAGXJ@Z 10004580 f   fICSStream.obj
 0001:00003670       ?OnRTSPCallbackAuthenticating@CICSStreamFilter@@MAGXJ@Z 10004670 f   fICSStream.obj
 0001:00003690       ?OnRTSPCallbackWaitingAuth@CICSStreamFilter@@MAGXJ@Z 10004690 f   fICSStream.obj
 0001:000036b0       ?OnRTSPCallbackAuthenticated@CICSStreamFilter@@MAGXJ@Z 100046b0 f   fICSStream.obj
 0001:000037c0       ?OnRTSPCallbackEncryptAuthenticating@CICSStreamFilter@@MAGXJ@Z 100047c0 f   fICSStream.obj
 0001:000037e0       ?OnRTSPCallbackWaitingEncryptAuth@CICSStreamFilter@@MAGXJ@Z 100047e0 f   fICSStream.obj
 0001:00003800       ?OnRTSPCallbackEncryptAuthenticated@CICSStreamFilter@@MAGXJ@Z 10004800 f   fICSStream.obj
 0001:00003a80       ?OnRTSPCallbackPlaying@CICSStreamFilter@@MAGXJ@Z 10004a80 f   fICSStream.obj
 0001:00003c40       ?OnRTSPCallbackPlayed@CICSStreamFilter@@MAGXJ@Z 10004c40 f   fICSStream.obj
 0001:00003e70       ?OnRTSPCallbackStopping@CICSStreamFilter@@MAGXJ@Z 10004e70 f   fICSStream.obj
 0001:00003fa0       ?signal_error@CICSStreamFilter@@QAEJJIH@Z 10004fa0 f   fICSStream.obj
 0001:000040a0       ?signal_error@CICSStreamFilter@@QAEJJABVCString@@H@Z 100050a0 f   fICSStream.obj
 0001:00004130       ?MMTimerCallback@CICSStreamFilter@@CGXIIKKK@Z 10005130 f   fICSStream.obj
 0001:00004180       ?get_session_id@CICSStreamFilter@@QAEPBDXZ 10005180 f   fICSStream.obj
 0001:000041a0       ?is_audio_permitted@CICSStreamFilter@@QBE_NXZ 100051a0 f   fICSStream.obj
 0001:000041d0       ?on_no_video@CICSStreamFilter@@QAEXK@Z 100051d0 f   fICSStream.obj
 0001:000041f0       ?notify_server_state@CICSStreamFilter@@QAEXE@Z 100051f0 f   fICSStream.obj
 0001:00004220       ?notify_alarm@CICSStreamFilter@@QAEXE@Z 10005220 f   fICSStream.obj
 0001:00004250       ?on_stop_by_novideo@CICSStreamFilter@@QAEXI@Z 10005250 f   fICSStream.obj
 0001:000042b0       ?on_session_count@CICSStreamFilter@@QAEXF@Z 100052b0 f   fICSStream.obj
 0001:000042d0       ?on_congestion@CICSStreamFilter@@QAEXXZ 100052d0 f   fICSStream.obj
 0001:000042f0       ?notify_abnormal_stop@CICSStreamFilter@@QAEXXZ 100052f0 f   fICSStream.obj
 0001:00004310       ?SetAuthInfo@CICSStreamFilter@@MAGJPBE0@Z 10005310 f   fICSStream.obj
 0001:00004350       ?SetServerInfo@CICSStreamFilter@@MAGJPBEH@Z 10005350 f   fICSStream.obj
 0001:000043a0       ?GetAuthInfo@CICSStreamFilter@@MAGJPAEH0H@Z 100053a0 f   fICSStream.obj
 0001:00004420       ?GetServerInfo@CICSStreamFilter@@MAGJPAEHPAH@Z 10005420 f   fICSStream.obj
 0001:00004480       ?GetSessionID@CICSStreamFilter@@MAGJPAEH@Z 10005480 f   fICSStream.obj
 0001:000044f0       ?SetRTSPPort@CICSStreamFilter@@MAGJH@Z 100054f0 f   fICSStream.obj
 0001:00004520       ?GetRTSPPort@CICSStreamFilter@@MAGHXZ 10005520 f   fICSStream.obj
 0001:00004530       ?SetRTSPOverHttpPort@CICSStreamFilter@@MAGJH@Z 10005530 f   fICSStream.obj
 0001:00004560       ?GetRTSPOverHttpPort@CICSStreamFilter@@MAGHXZ 10005560 f   fICSStream.obj
 0001:00004570       ?IsAudioPermitted@CICSStreamFilter@@MAGEXZ 10005570 f   fICSStream.obj
 0001:00004580       ?SetReconnect@CICSStreamFilter@@MAGJE@Z 10005580 f   fICSStream.obj
 0001:000045a0       ?GetReconnect@CICSStreamFilter@@MAGEXZ 100055a0 f   fICSStream.obj
 0001:000045b0       ?SetUseRTSPOverHttp@CICSStreamFilter@@MAGJE@Z 100055b0 f   fICSStream.obj
 0001:000045d0       ?GetUseRTSPOverHttp@CICSStreamFilter@@MAGEXZ 100055d0 f   fICSStream.obj
 0001:000045e0       ?SetActualStopInterval@CICSStreamFilter@@MAGJH@Z 100055e0 f   fICSStream.obj
 0001:000045f0       ?GetActualStopInterval@CICSStreamFilter@@MAGHXZ 100055f0 f   fICSStream.obj
 0001:00004600       ?SetReconnectInterval@CICSStreamFilter@@MAGJH@Z 10005600 f   fICSStream.obj
 0001:00004620       ?GetReconnectInterval@CICSStreamFilter@@MAGHXZ 10005620 f   fICSStream.obj
 0001:00004630       ?GetVideoOutputPin@CICSStreamFilter@@QAEPAVCICSStreamVideoOut@@XZ 10005630 f   fICSStream.obj
 0001:00004640       ?GetAudioOutputPin@CICSStreamFilter@@QAEPAVCICSStreamAudioOut@@XZ 10005640 f   fICSStream.obj
 0001:00004650       ?StartTestConnect@CICSStreamFilter@@MAGJPAUIICSNotifyCallback@@@Z 10005650 f   fICSStream.obj
 0001:00004780       ?StopTestConnect@CICSStreamFilter@@MAGJXZ 10005780 f   fICSStream.obj
 0001:00004830       ?IsUsingInternalCodec@CICSStreamFilter@@MAGJXZ 10005830 f   fICSStream.obj
 0001:00004850       ?SetUseInternalCodec@CICSStreamFilter@@MAGJE@Z 10005850 f   fICSStream.obj
 0001:000049b0       ?SelectAllOutputFormats@CICSStreamFilter@@MAGJXZ 100059b0 f   fICSStream.obj
 0001:000049c0       ?EnableOutputFormat@CICSStreamFilter@@MAGJKE@Z 100059c0 f   fICSStream.obj
 0001:000049d0       ?IsOutputFormatEnabled@CICSStreamFilter@@MAGJK@Z 100059d0 f   fICSStream.obj
 0001:000049e0       ?NotifyEvent@CICSStreamFilter@@UAEJJJJ@Z 100059e0 f   fICSStream.obj
 0001:00004b60       ?EventNotifyThreadProc@CICSStreamFilter@@CGJPAV1@@Z 10005b60 f   fICSStream.obj
 0001:00004b90       ?EventNotifyThreadRun@CICSStreamFilter@@AAEHXZ 10005b90 f   fICSStream.obj
 0001:00004c40       ?EventNotifyThreadExit@CICSStreamFilter@@AAEXXZ 10005c40 f   fICSStream.obj
 0001:00004c70       ?IsPTZSupported@CICSStreamFilter@@MAGJXZ 10005c70 f   fICSStream.obj
 0001:00004cd0       ?SetReversePTZ@CICSStreamFilter@@MAGJE@Z 10005cd0 f   fICSStream.obj
 0001:00004ce0       ?SetPTZOnOff@CICSStreamFilter@@MAGJE@Z 10005ce0 f   fICSStream.obj
 0001:00004d10       ?SetIrisOnOff@CICSStreamFilter@@MAGJE@Z 10005d10 f   fICSStream.obj
 0001:00004d40       ?SetNightOnOff@CICSStreamFilter@@MAGJE@Z 10005d40 f   fICSStream.obj
 0001:00004d70       ?ZoomIn@CICSStreamFilter@@MAGJXZ 10005d70 f   fICSStream.obj
 0001:00004d90       ?ZoomInStep@CICSStreamFilter@@MAGJF@Z 10005d90 f   fICSStream.obj
 0001:00004db0       ?ZoomInEx@CICSStreamFilter@@MAGJEFK@Z 10005db0 f   fICSStream.obj
 0001:00004e20       ?ZoomOut@CICSStreamFilter@@MAGJXZ 10005e20 f   fICSStream.obj
 0001:00004e40       ?ZoomOutStep@CICSStreamFilter@@MAGJF@Z 10005e40 f   fICSStream.obj
 0001:00004e60       ?ZoomOutEx@CICSStreamFilter@@MAGJEFK@Z 10005e60 f   fICSStream.obj
 0001:00004ed0       ?PanLeft@CICSStreamFilter@@MAGJF@Z 10005ed0 f   fICSStream.obj
 0001:00004ef0       ?PanLeftEx@CICSStreamFilter@@MAGJEFK@Z 10005ef0 f   fICSStream.obj
 0001:00004f80       ?PanRight@CICSStreamFilter@@MAGJF@Z 10005f80 f   fICSStream.obj
 0001:00004fa0       ?PanRightEx@CICSStreamFilter@@MAGJEFK@Z 10005fa0 f   fICSStream.obj
 0001:00005040       ?SetPanSpeed@CICSStreamFilter@@MAGJF@Z 10006040 f   fICSStream.obj
 0001:00005060       ?GetPanSpeed@CICSStreamFilter@@MAGJPAF@Z 10006060 f   fICSStream.obj
 0001:00005090       ?SetTiltSpeed@CICSStreamFilter@@MAGJF@Z 10006090 f   fICSStream.obj
 0001:000050b0       ?GetTiltSpeed@CICSStreamFilter@@MAGJPAF@Z 100060b0 f   fICSStream.obj
 0001:000050e0       ?SetZoomSpeed@CICSStreamFilter@@MAGJF@Z 100060e0 f   fICSStream.obj
 0001:00005100       ?GetZoomSpeed@CICSStreamFilter@@MAGJPAF@Z 10006100 f   fICSStream.obj
 0001:00005130       ?TiltUp@CICSStreamFilter@@MAGJF@Z 10006130 f   fICSStream.obj
 0001:00005150       ?TiltUpEx@CICSStreamFilter@@MAGJEFK@Z 10006150 f   fICSStream.obj
 0001:000051f0       ?TiltDown@CICSStreamFilter@@MAGJF@Z 100061f0 f   fICSStream.obj
 0001:00005210       ?TiltDownEx@CICSStreamFilter@@MAGJEFK@Z 10006210 f   fICSStream.obj
 0001:000052b0       ?FocusFar@CICSStreamFilter@@MAGJXZ 100062b0 f   fICSStream.obj
 0001:000052d0       ?FocusFarEx@CICSStreamFilter@@MAGJEFK@Z 100062d0 f   fICSStream.obj
 0001:00005340       ?FocusNear@CICSStreamFilter@@MAGJXZ 10006340 f   fICSStream.obj
 0001:00005360       ?FocusNearEx@CICSStreamFilter@@MAGJEFK@Z 10006360 f   fICSStream.obj
 0001:000053d0       ?AutoPan@CICSStreamFilter@@MAGJXZ 100063d0 f   fICSStream.obj
 0001:000053f0       ?AutoTilt@CICSStreamFilter@@MAGJXZ 100063f0 f   fICSStream.obj
 0001:00005410       ?AutoPanTilt@CICSStreamFilter@@MAGJXZ 10006410 f   fICSStream.obj
 0001:00005430       ?AutoFocus@CICSStreamFilter@@MAGJXZ 10006430 f   fICSStream.obj
 0001:00005450       ?AutoIris@CICSStreamFilter@@MAGJXZ 10006450 f   fICSStream.obj
 0001:00005470       ?SetAutoPanLeftLimit@CICSStreamFilter@@MAGJXZ 10006470 f   fICSStream.obj
 0001:00005490       ?SetAutoPanRightLimit@CICSStreamFilter@@MAGJXZ 10006490 f   fICSStream.obj
 0001:000054b0       ?SetAutoTiltUpLimit@CICSStreamFilter@@MAGJXZ 100064b0 f   fICSStream.obj
 0001:000054d0       ?SetAutoTiltDownLimit@CICSStreamFilter@@MAGJXZ 100064d0 f   fICSStream.obj
 0001:000054f0       ?ResetPanTiltLimit@CICSStreamFilter@@MAGJXZ 100064f0 f   fICSStream.obj
 0001:00005510       ?GetPositionCount@CICSStreamFilter@@MAGJPAF@Z 10006510 f   fICSStream.obj
 0001:00005550       ?SetPosition@CICSStreamFilter@@MAGJF@Z 10006550 f   fICSStream.obj
 0001:00005570       ?GetPositionName@CICSStreamFilter@@MAGJFPAEH@Z 10006570 f   fICSStream.obj
 0001:000056e0       ?SetPositionName@CICSStreamFilter@@MAGJFPBE@Z 100066e0 f   fICSStream.obj
 0001:00005740       ?MoveToPosition@CICSStreamFilter@@MAGJF@Z 10006740 f   fICSStream.obj
 0001:00005760       ?UpdatePosition@CICSStreamFilter@@MAGJXZ 10006760 f   fICSStream.obj
 0001:00005780       ?MoveCenter@CICSStreamFilter@@MAGJFF@Z 10006780 f   fICSStream.obj
 0001:00005880       ?SetPreset@CICSStreamFilter@@MAGJF@Z 10006880 f   fICSStream.obj
 0001:000058a0       ?MoveToPreset@CICSStreamFilter@@MAGJF@Z 100068a0 f   fICSStream.obj
 0001:000058c0       ?GetExtDeviceCount@CICSStreamFilter@@MAGJFPAF@Z 100068c0 f   fICSStream.obj
 0001:00005910       ?GetExtDeviceName@CICSStreamFilter@@MAGJFFPAEH@Z 10006910 f   fICSStream.obj
 0001:00005a80       ?GetExtDeviceState@CICSStreamFilter@@MAGJFFPAF@Z 10006a80 f   fICSStream.obj
 0001:00005ae0       ?RunExternalDevice@CICSStreamFilter@@MAGJFFE@Z 10006ae0 f   fICSStream.obj
 0001:00005b90       ?ReturnHome@CICSStreamFilter@@MAGJXZ 10006b90 f   fICSStream.obj
 0001:00005bb0       ?DoCustomPtz@CICSStreamFilter@@MAGJPAE@Z 10006bb0 f   fICSStream.obj
 0001:00005bd0       ?ProcessPTZCommand@CICSStreamFilter@@AAEJW4PTZCommand@@PBFHPBD@Z 10006bd0 f   fICSStream.obj
 0001:00006080       ?IsUsingConvertMPEG4ToStd@CICSStreamFilter@@MAGJXZ 10007080 f   fICSStream.obj
 0001:000060a0       ?SetUseConvertMPEG4ToStd@CICSStreamFilter@@MAGJE@Z 100070a0 f   fICSStream.obj
 0001:000060e0       ?GetSessionName@CICSStreamFilter@@MAGJPAEJ@Z 100070e0 f   fICSStream.obj
 0001:00006170       ?GetReceivedPacketCount@CICSStreamFilter@@MAGJPAJ@Z 10007170 f   fICSStream.obj
 0001:000061b0       ?GetExpectedPacketCount@CICSStreamFilter@@MAGJPAJ@Z 100071b0 f   fICSStream.obj
 0001:000061f0       ?TalkIsSupported@CICSStreamFilter@@MAGJXZ 100071f0 f   fICSStream.obj
 0001:00006220       ?TalkStart@CICSStreamFilter@@MAGJXZ 10007220 f   fICSStream.obj
 0001:00006230       ?TalkStop@CICSStreamFilter@@MAGJXZ 10007230 f   fICSStream.obj
 0001:00006240       ?GetTalkStatus@CICSStreamFilter@@MAGJPAJ@Z 10007240 f   fICSStream.obj
 0001:00006250       ?signal_check_session@CICSStreamFilter@@QAE_NXZ 10007250 f   fICSStream.obj
 0001:00006270       ?GetSDPDescription@CICSStreamFilter@@MAGJPAEPAJ@Z 10007270 f   fICSStream.obj
 0001:00006300       ?QueryProgress@CICSStreamFilter@@MAGJPA_J0@Z 10007300 f   fICSStream.obj
 0001:00006350       ?AbortOperation@CICSStreamFilter@@MAGJXZ 10007350 f   fICSStream.obj
 0001:00006360       ??1?$CAutoPtr@VRTSPThread@@@@QAE@XZ 10007360 f i fICSStream.obj
 0001:00006380       ??1?$CAutoPtr@VRTPThread@@@@QAE@XZ 10007380 f i fICSStream.obj
 0001:000063a0       ??1?$CAutoPtr@VCICSStreamAudioOut@@@@QAE@XZ 100073a0 f i fICSStream.obj
 0001:000063c0       ??1?$CAutoPtr@VCICSStreamVideoOut@@@@QAE@XZ 100073c0 f i fICSStream.obj
 0001:000063e0       ??1?$CQueue@UtNOTIFYEVENT@CICSStreamFilter@@@@QAE@XZ 100073e0 f i fICSStream.obj
 0001:00006410       ??1?$CAutoPtr@VCPTZController@@@@QAE@XZ 10007410 f i fICSStream.obj
 0001:00006430       ??1?$CAutoPtr@VCConfigManager@@@@QAE@XZ 10007430 f i fICSStream.obj
 0001:00006450       ??1?$CAutoPtr@VHttpAgent@@@@QAE@XZ 10007450 f i fICSStream.obj
 0001:00006470       ??1?$CComQIPtr@UIMediaObject@@$1?_GUID_d8ad0f58_5494_4102_97c5_ec798e59bcf4@@3U__s_GUID@@A@ATL@@QAE@XZ 10007470 f i fICSStream.obj
 0001:00006480       ?QueryInterface@CICSStreamFilter@@O3AGJABU_GUID@@PAPAX@Z 10007480 f i fICSStream.obj
 0001:00006490       ?AddRef@CICSStreamFilter@@O3AGKXZ 10007490 f i fICSStream.obj
 0001:000064a0       ?Release@CICSStreamFilter@@O3AGKXZ 100074a0 f i fICSStream.obj
 0001:000064b0       ?QueryInterface@CICSStreamFilter@@OGE@AGJABU_GUID@@PAPAX@Z 100074b0 f i fICSStream.obj
 0001:000064c0       ?AddRef@CICSStreamFilter@@OGE@AGKXZ 100074c0 f i fICSStream.obj
 0001:000064d0       ?Release@CICSStreamFilter@@OGE@AGKXZ 100074d0 f i fICSStream.obj
 0001:000064e0       ?QueryInterface@CICSStreamFilter@@OGI@AGJABU_GUID@@PAPAX@Z 100074e0 f i fICSStream.obj
 0001:000064f0       ?AddRef@CICSStreamFilter@@OGI@AGKXZ 100074f0 f i fICSStream.obj
 0001:00006500       ?Release@CICSStreamFilter@@OGI@AGKXZ 10007500 f i fICSStream.obj
 0001:00006510       ?QueryInterface@CICSStreamFilter@@OGM@AGJABU_GUID@@PAPAX@Z 10007510 f i fICSStream.obj
 0001:00006520       ?AddRef@CICSStreamFilter@@OGM@AGKXZ 10007520 f i fICSStream.obj
 0001:00006530       ?Release@CICSStreamFilter@@OGM@AGKXZ 10007530 f i fICSStream.obj
 0001:00006540       ?QueryInterface@CICSStreamFilter@@OHA@AGJABU_GUID@@PAPAX@Z 10007540 f i fICSStream.obj
 0001:00006550       ?AddRef@CICSStreamFilter@@OHA@AGKXZ 10007550 f i fICSStream.obj
 0001:00006560       ?Release@CICSStreamFilter@@OHA@AGKXZ 10007560 f i fICSStream.obj
 0001:00006570       ?QueryInterface@CICSStreamFilter@@OHE@AGJABU_GUID@@PAPAX@Z 10007570 f i fICSStream.obj
 0001:00006580       ?AddRef@CICSStreamFilter@@OHE@AGKXZ 10007580 f i fICSStream.obj
 0001:00006590       ?Release@CICSStreamFilter@@OHE@AGKXZ 10007590 f i fICSStream.obj
 0001:000065a0       ?QueryInterface@CICSStreamFilter@@OHI@AGJABU_GUID@@PAPAX@Z 100075a0 f i fICSStream.obj
 0001:000065b0       ?AddRef@CICSStreamFilter@@OHI@AGKXZ 100075b0 f i fICSStream.obj
 0001:000065c0       ?Release@CICSStreamFilter@@OHI@AGKXZ 100075c0 f i fICSStream.obj
 0001:000065d0       ?QueryInterface@CICSStreamFilter@@OIA@AGJABU_GUID@@PAPAX@Z 100075d0 f i fICSStream.obj
 0001:000065e0       ?AddRef@CICSStreamFilter@@OIA@AGKXZ 100075e0 f i fICSStream.obj
 0001:000065f0       ?Release@CICSStreamFilter@@OIA@AGKXZ 100075f0 f i fICSStream.obj
 0001:00006600       ??1CAutoLock@@QAE@XZ       10007600 f i fICSStream.obj
 0001:00006610       ?GetSetupData@CBaseFilter@@UAEPAU_AMOVIESETUP_FILTER@@XZ 10007610 f i fICSStream.obj
 0001:00006620       ?QueryInterface@CICSStreamFilter@@MAGJABU_GUID@@PAPAX@Z 10007620 f i fICSStream.obj
 0001:00006630       ?AddRef@CICSStreamFilter@@MAGKXZ 10007630 f i fICSStream.obj
 0001:00006640       ?Release@CICSStreamFilter@@MAGKXZ 10007640 f i fICSStream.obj
 0001:00006650       ??0CICSStreamVideoOut@@QAE@PAJPAVCICSStreamFilter@@PBG@Z 10007650 f   fICSStream_op.obj
 0001:00006800       ??_GCICSStreamVideoOut@@UAEPAXI@Z 10007800 f i fICSStream_op.obj
 0001:00006800       ??_ECICSStreamVideoOut@@UAEPAXI@Z 10007800 f i fICSStream_op.obj
 0001:00006820       ??1CICSStreamVideoOut@@UAE@XZ 10007820 f   fICSStream_op.obj
 0001:000068b0       ?DecideBufferSize@CICSStreamVideoOut@@MAEJPAUIMemAllocator@@PAU_AllocatorProperties@@@Z 100078b0 f   fICSStream_op.obj
 0001:000069b0       ?CheckFPS@CICSStreamVideoOut@@AAEXXZ 100079b0 f   fICSStream_op.obj
 0001:00006a00       ?FillBuffer@CICSStreamVideoOut@@MAEJPAUIMediaSample@@@Z 10007a00 f   fICSStream_op.obj
 0001:00006ea0       ??1CMediaBuffer@@QAE@XZ    10007ea0 f i fICSStream_op.obj
 0001:00006eb0       ?QueryInterface@CMediaBuffer@@UAGJABU_GUID@@PAPAX@Z 10007eb0 f i fICSStream_op.obj
 0001:00006f10       ?AddRef@CMediaBuffer@@UAGKXZ 10007f10 f i fICSStream_op.obj
 0001:00006f20       ?Release@CMediaBuffer@@UAGKXZ 10007f20 f i fICSStream_op.obj
 0001:00006f30       ?SetLength@CMediaBuffer@@UAGJK@Z 10007f30 f i fICSStream_op.obj
 0001:00006f50       ?GetMaxLength@CMediaBuffer@@UAGJPAK@Z 10007f50 f i fICSStream_op.obj
 0001:00006f70       ?GetBufferAndLength@CMediaBuffer@@UAGJPAPAEPAK@Z 10007f70 f i fICSStream_op.obj
 0001:00006fa0       ?OnThreadCreate@CICSStreamVideoOut@@MAEJXZ 10007fa0 f   fICSStream_op.obj
 0001:00007010       ?OnThreadDestroy@CICSStreamVideoOut@@MAEJXZ 10008010 f   fICSStream_op.obj
 0001:00007050       ?OnThreadStartPlay@CICSStreamVideoOut@@MAEJXZ 10008050 f   fICSStream_op.obj
 0001:000070a0       ?CheckMediaType@CICSStreamVideoOut@@MAEJPBVCMediaType@@@Z 100080a0 f   fICSStream_op.obj
 0001:000071a0       ?GetMediaType@CICSStreamVideoOut@@MAEJHPAVCMediaType@@@Z 100081a0 f   fICSStream_op.obj
 0001:00007610       ?SetMediaType@CICSStreamVideoOut@@MAEJPBVCMediaType@@@Z 10008610 f   fICSStream_op.obj
 0001:000076d0       ?PutVideoFrame@CICSStreamVideoOut@@QAEJQAEK_JH@Z 100086d0 f   fICSStream_op.obj
 0001:00007940       ?ChangeColorSpace@CICSStreamVideoOut@@IAEJU_GUID@@0PAX@Z 10008940 f   fICSStream_op.obj
 0001:00007d80       ?ConvertImagiaMPEG4@CICSStreamVideoOut@@AAEHPAEJ@Z 10008d80 f   fICSStream_op.obj
 0001:00007ed0       ??0CICSStreamAudioOut@@QAE@PAJPAVCICSStreamFilter@@PBG@Z 10008ed0 f   fICSStream_op.obj
 0001:00007f90       ??_ECICSStreamAudioOut@@UAEPAXI@Z 10008f90 f i fICSStream_op.obj
 0001:00007f90       ??_GCICSStreamAudioOut@@UAEPAXI@Z 10008f90 f i fICSStream_op.obj
 0001:00007fb0       ??1CICSStreamAudioOut@@UAE@XZ 10008fb0 f   fICSStream_op.obj
 0001:000080a0       ?DecideBufferSize@CICSStreamAudioOut@@MAEJPAUIMemAllocator@@PAU_AllocatorProperties@@@Z 100090a0 f   fICSStream_op.obj
 0001:00008170       ?OnThreadCreate@CICSStreamAudioOut@@MAEJXZ 10009170 f   fICSStream_op.obj
 0001:00008210       ?OnThreadDestroy@CICSStreamAudioOut@@MAEJXZ 10009210 f   fICSStream_op.obj
 0001:00008280       ?OnThreadStartPlay@CICSStreamAudioOut@@MAEJXZ 10009280 f   fICSStream_op.obj
 0001:000082d0       ?GetMediaType@CICSStreamAudioOut@@MAEJPAVCMediaType@@@Z 100092d0 f   fICSStream_op.obj
 0001:00008690       ?PutAudioFrame@CICSStreamAudioOut@@QAEJQAEKE@Z 10009690 f   fICSStream_op.obj
 0001:000087e0       ?FillBuffer@CICSStreamAudioOut@@EAEJPAUIMediaSample@@@Z 100097e0 f   fICSStream_op.obj
 0001:00008b20       ?SetMediaType@CICSStreamAudioOut@@MAEJPBVCMediaType@@@Z 10009b20 f   fICSStream_op.obj
 0001:00008bf0       ??1?$CAutoPtr@Ug72x_state@@@@QAE@XZ 10009bf0 f i fICSStream_op.obj
 0001:00008c10       ??1?$CAutoPtr@UICSAUDIOFRAME@CICSStreamAudioOut@@@@QAE@XZ 10009c10 f i fICSStream_op.obj
 0001:00008c30       ??_ECICSStreamVideoOut@@WEI@AEPAXI@Z 10009c30 f i fICSStream_op.obj
 0001:00008c40       ?QueryInterface@CBasePin@@W3AGJABU_GUID@@PAPAX@Z 10009c40 f i fICSStream_op.obj
 0001:00008c50       ?AddRef@CBasePin@@W3AGKXZ  10009c50 f i fICSStream_op.obj
 0001:00008c60       ?Release@CBasePin@@W3AGKXZ 10009c60 f i fICSStream_op.obj
 0001:00008c70       ??_ECICSStreamAudioOut@@WEI@AEPAXI@Z 10009c70 f i fICSStream_op.obj
 0001:00008c80       ?QueryInterface@CBasePin@@UAGJABU_GUID@@PAPAX@Z 10009c80 f i fICSStream_op.obj
 0001:00008c90       ?AddRef@CBasePin@@UAGKXZ   10009c90 f i fICSStream_op.obj
 0001:00008ca0       ?Release@CBasePin@@UAGKXZ  10009ca0 f i fICSStream_op.obj
 0001:00008cb0       ?QueryInternalConnections@CBasePin@@UAGJPAPAUIPin@@PAK@Z 10009cb0 f i fICSStream_op.obj
 0001:00008cc0       ?GetMediaType@CSourceStream@@MAEJPAVCMediaType@@@Z 10009cc0 f i fICSStream_op.obj
 0001:00008cd0       ?Notify@CICSStreamVideoOut@@MAGJPAUIBaseFilter@@UtagQuality@@@Z 10009cd0 f i fICSStream_op.obj
 0001:00008ce0       _linear2alaw               10009ce0 f   g711.obj
 0001:00008d80       _alaw2linear               10009d80 f   g711.obj
 0001:00008dc0       _linear2ulaw               10009dc0 f   g711.obj
 0001:00008e20       _ulaw2linear               10009e20 f   g711.obj
 0001:00008e60       _alaw2ulaw                 10009e60 f   g711.obj
 0001:00008ea0       _ulaw2alaw                 10009ea0 f   g711.obj
 0001:00008ee0       _g721_decoder              10009ee0 f   g721.obj
 0001:00008ff0       _g723_16_decoder           10009ff0 f   g723_16.obj
 0001:00009100       _g723_24_decoder           1000a100 f   g723_24.obj
 0001:00009210       _g723_40_decoder           1000a210 f   g723_40.obj
 0001:00009320       _g72x_init_state           1000a320 f   g72x.obj
 0001:00009380       _predictor_zero            1000a380 f   g72x.obj
 0001:00009490       _predictor_pole            1000a490 f   g72x.obj
 0001:000094d0       _step_size                 1000a4d0 f   g72x.obj
 0001:00009520       _quantize                  1000a520 f   g72x.obj
 0001:00009590       _reconstruct               1000a590 f   g72x.obj
 0001:000095e0       _update                    1000a5e0 f   g72x.obj
 0001:000099c0       _tandem_adjust_alaw        1000a9c0 f   g72x.obj
 0001:00009aa0       _tandem_adjust_ulaw        1000aaa0 f   g72x.obj
 0001:00009c10       ??0HttpAgent@@QAE@XZ       1000ac10 f   HttpAgent.obj
 0001:00009c20       ??_GHttpAgent@@UAEPAXI@Z   1000ac20 f i HttpAgent.obj
 0001:00009c20       ??_EHttpAgent@@UAEPAXI@Z   1000ac20 f i HttpAgent.obj
 0001:00009c40       ?Constuction@HttpAgent@@SAXXZ 1000ac40 f   HttpAgent.obj
 0001:00009d10       ?Destuction@HttpAgent@@SAXXZ 1000ad10 f   HttpAgent.obj
 0001:00009da0       ??1HttpAgent@@UAE@XZ       1000ada0 f   HttpAgent.obj
 0001:00009db0       ?HttpCommThread@HttpAgent@@KGKPAX@Z 1000adb0 f   HttpAgent.obj
 0001:00009e90       ??1HttpCmd@HttpAgent@@QAE@XZ 1000ae90 f i HttpAgent.obj
 0001:00009f10       ?send_post_command@HttpAgent@@QAEXABVCString@@HPBD100_N@Z 1000af10 f   HttpAgent.obj
 0001:0000a070       ?send_get_command@HttpAgent@@QAE?AVCString@@ABV2@HPBD00H@Z 1000b070 f   HttpAgent.obj
 0001:0000a1b0       ?send_post_and_check@HttpAgent@@QAEKABVCString@@HPBD100H@Z 1000b1b0 f   HttpAgent.obj
 0001:0000a2f0       ?send_command@HttpAgent@@IAEXAAUHttpCmd@1@@Z 1000b2f0 f   HttpAgent.obj
 0001:0000a610       ?digest_auth_unload@HttpAgent@@SAXPAX@Z 1000b610 f   HttpAgent.obj
 0001:0000a630       ?set_username@HttpAgent@@SAXPAXABVCString@@1@Z 1000b630 f   HttpAgent.obj
 0001:0000a680       ?set_proxy_username@HttpAgent@@SAXPAXABVCString@@1@Z 1000b680 f   HttpAgent.obj
 0001:0000a6d0       ?send_request@HttpAgent@@SAHPAXPBDK0K@Z 1000b6d0 f   HttpAgent.obj
 0001:0000a720       ?authenticate@HttpAgent@@QAEXPBDH00000_N@Z 1000b720 f   HttpAgent.obj
 0001:0000b220       ??0RTSPError@@QAE@ABV0@@Z  1000c220 f i HttpAgent.obj
 0001:0000b250       ??_GRTSPError@@UAEPAXI@Z   1000c250 f i HttpAgent.obj
 0001:0000b250       ??_ERTSPError@@UAEPAXI@Z   1000c250 f i HttpAgent.obj
 0001:0000b270       ?parsing_recv_authenticate@HttpAgent@@QAEXPAD00PBD@Z 1000c270 f   HttpAgent.obj
 0001:0000b360       ??0HTTPMessage@@QAE@XZ     1000c360 f   HTTPMessage.obj
 0001:0000b3b0       ??_GHTTPMessage@@UAEPAXI@Z 1000c3b0 f i HTTPMessage.obj
 0001:0000b3b0       ??_EHTTPMessage@@UAEPAXI@Z 1000c3b0 f i HTTPMessage.obj
 0001:0000b3d0       ??1HTTPMessage@@UAE@XZ     1000c3d0 f   HTTPMessage.obj
 0001:0000b430       ?get_header_value@HTTPMessage@@QBE?AVCString@@PBD@Z 1000c430 f   HTTPMessage.obj
 0001:0000b520       ?get_body@HTTPMessage@@QBEABVMyByteArray@@XZ 1000c520 f   HTTPMessage.obj
 0001:0000b530       ?set_body@HTTPMessage@@QAEXPBEH@Z 1000c530 f   HTTPMessage.obj
 0001:0000b560       ?parse_headers@HTTPMessage@@IAEXABVCStringList@@@Z 1000c560 f   HTTPMessage.obj
 0001:0000b690       ?check_http_version@HTTPMessage@@IBEXPBD@Z 1000c690 f   HTTPMessage.obj
 0001:0000b8b0       ??0HTTPError@@QAE@ABV0@@Z  1000c8b0 f i HTTPMessage.obj
 0001:0000b8d0       ??_GHTTPError@@UAEPAXI@Z   1000c8d0 f i HTTPMessage.obj
 0001:0000b8d0       ??_EHTTPError@@UAEPAXI@Z   1000c8d0 f i HTTPMessage.obj
 0001:0000b8f0       ??0HTTPError@@QAE@XZ       1000c8f0 f   HTTPMessage.obj
 0001:0000b910       ??0HTTPError@@QAE@PBD@Z    1000c910 f   HTTPMessage.obj
 0001:0000b930       ??1HTTPError@@UAE@XZ       1000c930 f   HTTPMessage.obj
 0001:0000b940       ?get_value@HTTPError@@QBEPBDXZ 1000c940 f   HTTPMessage.obj
 0001:0000b950       ?GetNext@CStringList@@QBE?AVCString@@AAPAU__POSITION@@@Z 1000c950 f i HTTPMessage.obj
 0001:0000b980       ??0HTTPResponse@@QAE@PBD@Z 1000c980 f   HTTPResponse.obj
 0001:0000b9f0       ??_GHTTPResponse@@UAEPAXI@Z 1000c9f0 f i HTTPResponse.obj
 0001:0000b9f0       ??_EHTTPResponse@@UAEPAXI@Z 1000c9f0 f i HTTPResponse.obj
 0001:0000ba10       ??1HTTPResponse@@UAE@XZ    1000ca10 f   HTTPResponse.obj
 0001:0000ba70       ?get_status@HTTPResponse@@QBEHXZ 1000ca70 f   HTTPResponse.obj
 0001:0000ba80       ?is_success@HTTPResponse@@QBE_NXZ 1000ca80 f   HTTPResponse.obj
 0001:0000baa0       ?get_reason@HTTPResponse@@QBEABVCString@@XZ 1000caa0 f   HTTPResponse.obj
 0001:0000bab0       ?parse_response@HTTPResponse@@AAEXPBD@Z 1000cab0 f   HTTPResponse.obj
 0001:0000bbe0       ?parse_status_line@HTTPResponse@@AAEXPBD@Z 1000cbe0 f   HTTPResponse.obj
 0001:0000bdd0       ?to_string@HTTPResponse@@QBE?AVCString@@XZ 1000cdd0 f   HTTPResponse.obj
 0001:0000bf90       ??0CICSPtzControlPage@@QAE@PAUIUnknown@@PAJ@Z 1000cf90 f   ICSPtzControlPage.obj
 0001:0000bff0       ??_ECICSPtzControlPage@@UAEPAXI@Z 1000cff0 f i ICSPtzControlPage.obj
 0001:0000bff0       ??_GCICSPtzControlPage@@UAEPAXI@Z 1000cff0 f i ICSPtzControlPage.obj
 0001:0000c020       ??1CICSPtzControlPage@@UAE@XZ 1000d020 f   ICSPtzControlPage.obj
 0001:0000c0f0       ?CreateInstance@CICSPtzControlPage@@SGPAVCUnknown@@PAUIUnknown@@PAJ@Z 1000d0f0 f   ICSPtzControlPage.obj
 0001:0000c160       ?OnConnect@CICSPtzControlPage@@MAEJPAUIUnknown@@@Z 1000d160 f   ICSPtzControlPage.obj
 0001:0000c1a0       ?OnReceiveMessage@CICSPtzControlPage@@MAEHPAUHWND__@@IIJ@Z 1000d1a0 f   ICSPtzControlPage.obj
 0001:0000da20       ?OnDisconnect@CICSPtzControlPage@@MAEJXZ 1000ea20 f   ICSPtzControlPage.obj
 0001:0000daf0       ?OnApplyChanges@CICSPtzControlPage@@MAEJXZ 1000eaf0 f   ICSPtzControlPage.obj
 0001:0000db10       ?BtnButtonSubClass@CICSPtzControlPage@@CGJPAUHWND__@@IIJ@Z 1000eb10 f   ICSPtzControlPage.obj
 0001:0000db80       ??0?$CComQIPtr@UIBaseFilter@@$1?_GUID_56a86895_0ad4_11ce_b03a_0020af0ba770@@3U__s_GUID@@A@ATL@@QAE@PAUIUnknown@@@Z 1000eb80 f i ICSPtzControlPage.obj
 0001:0000dbb0       ??1?$CComQIPtr@UIBaseFilter@@$1?_GUID_56a86895_0ad4_11ce_b03a_0020af0ba770@@3U__s_GUID@@A@ATL@@QAE@XZ 1000ebb0 f i ICSPtzControlPage.obj
 0001:0000dbc0       ??A?$CMap@IIUBTN_BMP@CICSPtzControlPage@@U12@@@QAEAAUBTN_BMP@CICSPtzControlPage@@I@Z 1000ebc0 f i ICSPtzControlPage.obj
 0001:0000dcb0       ??1?$CMap@IIUBTN_BMP@CICSPtzControlPage@@U12@@@UAE@XZ 1000ecb0 f i ICSPtzControlPage.obj
 0001:0000dd40       ?Serialize@?$CMap@IIUBTN_BMP@CICSPtzControlPage@@U12@@@UAEXAAVCArchive@@@Z 1000ed40 f i ICSPtzControlPage.obj
 0001:0000df50       ??_E?$CMap@IIUBTN_BMP@CICSPtzControlPage@@U12@@@UAEPAXI@Z 1000ef50 f i ICSPtzControlPage.obj
 0001:0000df50       ??_G?$CMap@IIUBTN_BMP@CICSPtzControlPage@@U12@@@UAEPAXI@Z 1000ef50 f i ICSPtzControlPage.obj
 0001:0000df70       ?InitHashTable@?$CMap@IIUBTN_BMP@CICSPtzControlPage@@U12@@@QAEXIH@Z 1000ef70 f i ICSPtzControlPage.obj
 0001:0000dfe0       ?NewAssoc@?$CMap@IIUBTN_BMP@CICSPtzControlPage@@U12@@@IAEPAUCAssoc@1@XZ 1000efe0 f i ICSPtzControlPage.obj
 0001:0000e050       ?GetAssocAt@?$CMap@IIUBTN_BMP@CICSPtzControlPage@@U12@@@IBEPAUCAssoc@1@IAAI@Z 1000f050 f i ICSPtzControlPage.obj
 0001:0000e090       ??_9@$BHM@AG               1000f090 f i ICSPtzControlPage.obj
 0001:0000e0a0       ??_9@$BDM@AG               1000f0a0 f i ICSPtzControlPage.obj
 0001:0000e0b0       ??_9@$BGE@AG               1000f0b0 f i ICSPtzControlPage.obj
 0001:0000e0c0       ??_9@$BEE@AG               1000f0c0 f i ICSPtzControlPage.obj
 0001:0000e0d0       ??_9@$BCI@AG               1000f0d0 f i ICSPtzControlPage.obj
 0001:0000e0e0       ??_9@$BGM@AG               1000f0e0 f i ICSPtzControlPage.obj
 0001:0000e0f0       ??_9@$BHE@AG               1000f0f0 f i ICSPtzControlPage.obj
 0001:0000e100       ??_9@$BDE@AG               1000f100 f i ICSPtzControlPage.obj
 0001:0000e110       ??1CBasePropertyPage@@UAE@XZ 1000f110 f i ICSPtzControlPage.obj
 0001:0000e130       ?QueryInterface@CBasePropertyPage@@UAGJABU_GUID@@PAPAX@Z 1000f130 f i ICSPtzControlPage.obj
 0001:0000e140       ?AddRef@CBasePropertyPage@@UAGKXZ 1000f140 f i ICSPtzControlPage.obj
 0001:0000e150       ?Release@CBasePropertyPage@@UAGKXZ 1000f150 f i ICSPtzControlPage.obj
 0001:0000e160       ?OnActivate@CBasePropertyPage@@UAEJXZ 1000f160 f i ICSPtzControlPage.obj
 0001:0000e170       ?OnDeactivate@CBasePropertyPage@@UAEJXZ 1000f170 f i ICSPtzControlPage.obj
 0001:0000e180       ?IsPageDirty@CBasePropertyPage@@UAGJXZ 1000f180 f i ICSPtzControlPage.obj
 0001:0000e1a0       ?Help@CBasePropertyPage@@UAGJPBG@Z 1000f1a0 f i ICSPtzControlPage.obj
 0001:0000e1b0       ?TranslateAcceleratorA@CBasePropertyPage@@UAGJPAUtagMSG@@@Z 1000f1b0 f i ICSPtzControlPage.obj
 0001:0000e1c0       _DllRegisterServer@0       1000f1c0 f   ICSStream.obj
 0001:0000e1d0       _DllUnregisterServer@0     1000f1d0 f   ICSStream.obj
 0001:0000e1e0       ?CreateInstance@CICSStreamFilter@@SGPAVCUnknown@@PAUIUnknown@@PAJ@Z 1000f1e0 f   ICSStream.obj
 0001:0000e250       ?GetFileVersion@@YAHPBDPADPAK@Z 1000f250 f   ICSStreamPropertyPage.obj
 0001:0000e3e0       ?GetFixedFileInfo@@YA_NPBDPAUtagVS_FIXEDFILEINFO@@@Z 1000f3e0 f   ICSStreamPropertyPage.obj
 0001:0000e4a0       ??0CICSStreamPropertyPage@@QAE@PAUIUnknown@@PAJ@Z 1000f4a0 f   ICSStreamPropertyPage.obj
 0001:0000e4e0       ??_GCICSStreamPropertyPage@@UAEPAXI@Z 1000f4e0 f i ICSStreamPropertyPage.obj
 0001:0000e4e0       ??_ECICSStreamPropertyPage@@UAEPAXI@Z 1000f4e0 f i ICSStreamPropertyPage.obj
 0001:0000e510       ??1CICSStreamPropertyPage@@UAE@XZ 1000f510 f   ICSStreamPropertyPage.obj
 0001:0000e540       ?CreateInstance@CICSStreamPropertyPage@@SGPAVCUnknown@@PAUIUnknown@@PAJ@Z 1000f540 f   ICSStreamPropertyPage.obj
 0001:0000e5b0       ?OnConnect@CICSStreamPropertyPage@@MAEJPAUIUnknown@@@Z 1000f5b0 f   ICSStreamPropertyPage.obj
 0001:0000e5f0       ?OnReceiveMessage@CICSStreamPropertyPage@@MAEHPAUHWND__@@IIJ@Z 1000f5f0 f   ICSStreamPropertyPage.obj
 0001:0000ed10       ?OnDisconnect@CICSStreamPropertyPage@@MAEJXZ 1000fd10 f   ICSStreamPropertyPage.obj
 0001:0000ed60       ?OnApplyChanges@CICSStreamPropertyPage@@MAEJXZ 1000fd60 f   ICSStreamPropertyPage.obj
 0001:0000f060       ??1?$CComQIPtr@UIICSStreamEx@@$1?_GUID_db4f25de_dff4_4240_8f95_0d805d7be1f7@@3U__s_GUID@@A@ATL@@QAE@XZ 10010060 f i ICSStreamPropertyPage.obj
 0001:0000f070       ??1?$CComQIPtr@UIICSStreamEx2@@$1?_GUID_0377624f_fbe4_47e1_8f21_b51eadf5f985@@3U__s_GUID@@A@ATL@@QAE@XZ 10010070 f i ICSStreamPropertyPage.obj
 0001:0000f080       _DecodeIMAADPCM            10010080 f   ImaADPCMDecoder.obj
 0001:0000f1f0       ?icview100_decode_picture_header@@YAHPBEHPAUMPEG4context@@@Z 100101f0 f   mpeg4_hdr_decode.obj
 0001:0000f480       ?mpeg4_decode_picture_header@@YAHPBEHPAUMPEG4context@@@Z 10010480 f   mpeg4_hdr_decode.obj
 0001:0000f7e0       ??0MyByteArray@@QAE@XZ     100107e0 f   MyByteArray.obj
 0001:0000f800       ??_EMyByteArray@@UAEPAXI@Z 10010800 f i MyByteArray.obj
 0001:0000f800       ??_GMyByteArray@@UAEPAXI@Z 10010800 f i MyByteArray.obj
 0001:0000f820       ??0MyByteArray@@QAE@PBEH@Z 10010820 f   MyByteArray.obj
 0001:0000f880       ??1MyByteArray@@UAE@XZ     10010880 f   MyByteArray.obj
 0001:0000f8e0       ?AppendBuf@MyByteArray@@QAEXPBEH@Z 100108e0 f   MyByteArray.obj
 0001:0000f920       ?InsertBuf@MyByteArray@@QAEXHPBEH@Z 10010920 f   MyByteArray.obj
 0001:0000f970       ?Find@MyByteArray@@QAEHPBEH@Z 10010970 f   MyByteArray.obj
 0001:0000f9a0       ?MD5Init@@YAXPAUMD5_CTX@@@Z 100109a0 f   PPPMD5.obj
 0001:0000f9d0       ?MD5Update@@YAXPAUMD5_CTX@@PAEI@Z 100109d0 f   PPPMD5.obj
 0001:0000fa70       ?MD5Final@@YAXPAUMD5_CTX@@@Z 10010a70 f   PPPMD5.obj
 0001:000104b0       ??0CPTZController@@QAE@PBDW4TargetType@SdpInfo@@00PAVHttpAgent@@HH0@Z 100114b0 f   PTZController.obj
 0001:00010570       ??_GCPTZController@@UAEPAXI@Z 10011570 f i PTZController.obj
 0001:00010570       ??_ECPTZController@@UAEPAXI@Z 10011570 f i PTZController.obj
 0001:00010590       ??1CPTZController@@UAE@XZ  10011590 f   PTZController.obj
 0001:00010600       ?send_command@CPTZController@@IAEXPBD0_N@Z 10011600 f   PTZController.obj
 0001:000106a0       ?zoom_in@CPTZController@@QAEXXZ 100116a0 f   PTZController.obj
 0001:00010720       ?zoom_out@CPTZController@@QAEXXZ 10011720 f   PTZController.obj
 0001:000107a0       ?zoom_in_step@CPTZController@@QAEXH@Z 100117a0 f   PTZController.obj
 0001:00010830       ?zoom_out_step@CPTZController@@QAEXH@Z 10011830 f   PTZController.obj
 0001:000108c0       ?zoom_in_cont@CPTZController@@QAEXH@Z 100118c0 f   PTZController.obj
 0001:00010950       ?zoom_out_cont@CPTZController@@QAEXH@Z 10011950 f   PTZController.obj
 0001:000109e0       ?zoom_in_stop@CPTZController@@QAEXXZ 100119e0 f   PTZController.obj
 0001:00010a60       ?zoom_out_stop@CPTZController@@QAEXXZ 10011a60 f   PTZController.obj
 0001:00010ae0       ?pan_left@CPTZController@@QAEXH@Z 10011ae0 f   PTZController.obj
 0001:00010b70       ?pan_right@CPTZController@@QAEXH@Z 10011b70 f   PTZController.obj
 0001:00010c00       ?pan_left_cont@CPTZController@@QAEXH@Z 10011c00 f   PTZController.obj
 0001:00010c90       ?pan_right_cont@CPTZController@@QAEXH@Z 10011c90 f   PTZController.obj
 0001:00010d20       ?pan_left_stop@CPTZController@@QAEXXZ 10011d20 f   PTZController.obj
 0001:00010da0       ?pan_right_stop@CPTZController@@QAEXXZ 10011da0 f   PTZController.obj
 0001:00010e20       ?tilt_up@CPTZController@@QAEXH@Z 10011e20 f   PTZController.obj
 0001:00010eb0       ?tilt_down@CPTZController@@QAEXH@Z 10011eb0 f   PTZController.obj
 0001:00010f40       ?tilt_up_cont@CPTZController@@QAEXH@Z 10011f40 f   PTZController.obj
 0001:00010fd0       ?tilt_down_cont@CPTZController@@QAEXH@Z 10011fd0 f   PTZController.obj
 0001:00011060       ?tilt_up_stop@CPTZController@@QAEXXZ 10012060 f   PTZController.obj
 0001:000110e0       ?tilt_down_stop@CPTZController@@QAEXXZ 100120e0 f   PTZController.obj
 0001:00011160       ?auto_pan@CPTZController@@QAEXXZ 10012160 f   PTZController.obj
 0001:000111e0       ?auto_tilt@CPTZController@@QAEXXZ 100121e0 f   PTZController.obj
 0001:00011260       ?auto_pan_tilt@CPTZController@@QAEXXZ 10012260 f   PTZController.obj
 0001:000112e0       ?auto_focus@CPTZController@@QAEXXZ 100122e0 f   PTZController.obj
 0001:00011360       ?set_auto_pan_left_limit@CPTZController@@QAEXXZ 10012360 f   PTZController.obj
 0001:000113e0       ?set_auto_pan_right_limit@CPTZController@@QAEXXZ 100123e0 f   PTZController.obj
 0001:00011460       ?set_auto_tilt_up_limit@CPTZController@@QAEXXZ 10012460 f   PTZController.obj
 0001:000114e0       ?set_auto_tilt_down_limit@CPTZController@@QAEXXZ 100124e0 f   PTZController.obj
 0001:00011560       ?set_preset@CPTZController@@QAEXH@Z 10012560 f   PTZController.obj
 0001:000115e0       ?move_to_preset@CPTZController@@QAEXH@Z 100125e0 f   PTZController.obj
 0001:00011660       ?focus_far@CPTZController@@QAEXXZ 10012660 f   PTZController.obj
 0001:000116e0       ?focus_near@CPTZController@@QAEXXZ 100126e0 f   PTZController.obj
 0001:00011760       ?focus_far@CPTZController@@QAEXH@Z 10012760 f   PTZController.obj
 0001:000117e0       ?focus_near@CPTZController@@QAEXH@Z 100127e0 f   PTZController.obj
 0001:00011860       ?focus_far_cont@CPTZController@@QAEXH@Z 10012860 f   PTZController.obj
 0001:000118e0       ?focus_near_cont@CPTZController@@QAEXH@Z 100128e0 f   PTZController.obj
 0001:00011960       ?focus_far_stop@CPTZController@@QAEXXZ 10012960 f   PTZController.obj
 0001:000119e0       ?focus_near_stop@CPTZController@@QAEXXZ 100129e0 f   PTZController.obj
 0001:00011a60       ?ptz_on@CPTZController@@QAEXXZ 10012a60 f   PTZController.obj
 0001:00011ae0       ?ptz_off@CPTZController@@QAEXXZ 10012ae0 f   PTZController.obj
 0001:00011b60       ?iris_on@CPTZController@@QAEXXZ 10012b60 f   PTZController.obj
 0001:00011be0       ?iris_off@CPTZController@@QAEXXZ 10012be0 f   PTZController.obj
 0001:00011c60       ?auto_iris@CPTZController@@QAEXXZ 10012c60 f   PTZController.obj
 0001:00011ce0       ?set_pan_speed@CPTZController@@QAEXH@Z 10012ce0 f   PTZController.obj
 0001:00011d60       ?set_tilt_speed@CPTZController@@QAEXH@Z 10012d60 f   PTZController.obj
 0001:00011de0       ?set_zoom_speed@CPTZController@@QAEXH@Z 10012de0 f   PTZController.obj
 0001:00011e60       ?set_position@CPTZController@@QAEXH@Z 10012e60 f   PTZController.obj
 0001:00011ee0       ?move_to_position@CPTZController@@QAEXH@Z 10012ee0 f   PTZController.obj
 0001:00011f60       ?set_position_name@CPTZController@@QAEXHPBD@Z 10012f60 f   PTZController.obj
 0001:00012000       ?custom_command@CPTZController@@QAEXPBD@Z 10013000 f   PTZController.obj
 0001:000120a0       ?update_position@CPTZController@@QAEXXZ 100130a0 f   PTZController.obj
 0001:00012120       ?move_center@CPTZController@@QAEXHHHH@Z 10013120 f   PTZController.obj
 0001:000121b0       ?run_ext_device@CPTZController@@QAEXHH_N@Z 100131b0 f   PTZController.obj
 0001:00012250       ?reset_limit@CPTZController@@QAEXXZ 10013250 f   PTZController.obj
 0001:000122d0       ?return_home@CPTZController@@QAEXXZ 100132d0 f   PTZController.obj
 0001:00012350       ?night_on@CPTZController@@QAEXXZ 10013350 f   PTZController.obj
 0001:000123d0       ?night_off@CPTZController@@QAEXXZ 100133d0 f   PTZController.obj
 0001:00012450       ?remove_channel_info@CPTZController@@IBEXAAVCString@@@Z 10013450 f   PTZController.obj
 0001:000124c0       ??0Queue@@QAE@H@Z          100134c0 f   Queue.obj
 0001:00012560       ??1Queue@@QAE@XZ           10013560 f   Queue.obj
 0001:000125f0       ?qsize@Queue@@QBEHXZ       100135f0 f   Queue.obj
 0001:00012650       ?empty@Queue@@QBE_NXZ      10013650 f   Queue.obj
 0001:000126b0       ?full@Queue@@QBE_NXZ       100136b0 f   Queue.obj
 0001:00012710       ?put@Queue@@QAE_NPAX_N@Z   10013710 f   Queue.obj
 0001:000127d0       ?put_nowait@Queue@@QAE_NPAX@Z 100137d0 f   Queue.obj
 0001:000127e0       ?put_front@Queue@@QAE_NPAX_N@Z 100137e0 f   Queue.obj
 0001:000128a0       ?put_front_nowait@Queue@@QAE_NPAX@Z 100138a0 f   Queue.obj
 0001:000128b0       ?get@Queue@@QAEPAX_N@Z     100138b0 f   Queue.obj
 0001:00012960       ?get_nowait@Queue@@QAEPAXXZ 10013960 f   Queue.obj
 0001:00012970       ?_init@Queue@@IAEXH@Z      10013970 f   Queue.obj
 0001:00012980       ?_qsize@Queue@@IBEHXZ      10013980 f   Queue.obj
 0001:00012990       ?_empty@Queue@@IBE_NXZ     10013990 f   Queue.obj
 0001:000129a0       ?_full@Queue@@IBE_NXZ      100139a0 f   Queue.obj
 0001:000129c0       ?_put@Queue@@IAEXPAX@Z     100139c0 f   Queue.obj
 0001:00012a40       ?_put_front@Queue@@IAEXPAX@Z 10013a40 f   Queue.obj
 0001:00012ad0       ?_get@Queue@@IAEPAXXZ      10013ad0 f   Queue.obj
 0001:00012b40       ??1?$CList@PAXPAX@@UAE@XZ  10013b40 f i Queue.obj
 0001:00012bb0       ?Serialize@?$CList@PAXPAX@@UAEXAAVCArchive@@@Z 10013bb0 f i Queue.obj
 0001:00012cd0       ??_G?$CList@PAXPAX@@UAEPAXI@Z 10013cd0 f i Queue.obj
 0001:00012cd0       ??_E?$CList@PAXPAX@@UAEPAXI@Z 10013cd0 f i Queue.obj
 0001:00012cf0       ??1CCritSec@@QAE@XZ        10013cf0 f i Queue.obj
 0001:00012d00       ??0RTPClient@@QAE@XZ       10013d00 f   RTPClient.obj
 0001:00012d60       ??_ERTPClient@@UAEPAXI@Z   10013d60 f i RTPClient.obj
 0001:00012d60       ??_GRTPClient@@UAEPAXI@Z   10013d60 f i RTPClient.obj
 0001:00012d80       ??1RTPClient@@UAE@XZ       10013d80 f   RTPClient.obj
 0001:00012dd0       ?init@RTPClient@@QAEXPAH0_N@Z 10013dd0 f   RTPClient.obj
 0001:00012e00       ?stop@RTPClient@@QAEXXZ    10013e00 f   RTPClient.obj
 0001:00012e40       ?allocate_ports@RTPClient@@IAEXPAH0@Z 10013e40 f   RTPClient.obj
 0001:00012f30       ?get_rtp_sock@RTPClient@@QBEIXZ 10013f30 f   RTPClient.obj
 0001:00012f40       ?get_rtcp_sock@RTPClient@@QBEIXZ 10013f40 f   RTPClient.obj
 0001:00012f50       ?unpack_data@RTPClient@@QAEPBEPBEPAH11@Z 10013f50 f   RTPClient.obj
 0001:00012fc0       ?peek_data@RTPClient@@QAEHPBEPAH11@Z 10013fc0 f   RTPClient.obj
 0001:00013030       ?unpack_rtcp_packet@RTPClient@@QAE?AW4RtcpType@1@PBEH@Z 10014030 f   RTPClient.obj
 0001:00013120       ?send_rtcp@RTPClient@@QAE_NPBDHHHHH0@Z 10014120 f   RTPClient.obj
 0001:00013290       ?unpack_sr@RTPClient@@IAEXPBE@Z 10014290 f   RTPClient.obj
 0001:000132a0       ?unpack_rr@RTPClient@@IAEXPBE@Z 100142a0 f   RTPClient.obj
 0001:000132b0       ?unpack_sdes@RTPClient@@IAEXPBE@Z 100142b0 f   RTPClient.obj
 0001:000132e0       ?analyze_sdes_item@RTPClient@@IAEPBEPBE@Z 100142e0 f   RTPClient.obj
 0001:000133f0       ?unpack_bye@RTPClient@@IAEXPBE@Z 100143f0 f   RTPClient.obj
 0001:00013400       ?unpack_app@RTPClient@@IAEXPBE@Z 10014400 f   RTPClient.obj
 0001:00013410       ?send_req_through_rtcp@RTPClient@@QAE_NPBDHABVCByteArray@@@Z 10014410 f   RTPClient.obj
 0001:000134b0       ?get_server_time@RTPClient@@QBE?AVCOleDateTime@@XZ 100144b0 f   RTPClient.obj
 0001:00013540       ?make_rtcp_packet@RTPClient@@QAE_NHHHHAAVCByteArray@@@Z 10014540 f   RTPClient.obj
 0001:00013610       ??0RTPThread@@QAE@PAVCICSStreamFilter@@PAVRTSPThread@@@Z 10014610 f   RTPThread.obj
 0001:000136f0       ??_GRTPThread@@UAEPAXI@Z   100146f0 f i RTPThread.obj
 0001:000136f0       ??_ERTPThread@@UAEPAXI@Z   100146f0 f i RTPThread.obj
 0001:00013710       ??1RTPThread@@UAE@XZ       10014710 f   RTPThread.obj
 0001:00013790       ?init_rtp@RTPThread@@QAEXPAH0_N@Z 10014790 f   RTPThread.obj
 0001:000137a0       ?start@RTPThread@@QAEXW4TargetType@SdpInfo@@W4VideoCodec@3@W4AudioCodec@3@H_N3@Z 100147a0 f   RTPThread.obj
 0001:00013820       ?notify_abnormal_stop@RTPThread@@QAEXXZ 10014820 f   RTPThread.obj
 0001:00013830       ?stop@RTPThread@@QAEHXZ    10014830 f   RTPThread.obj
 0001:00013860       ?put_rtp_data@RTPThread@@QAEXPBEH@Z 10014860 f   RTPThread.obj
 0001:00013970       ?put_rtcp_data@RTPThread@@QAEXPBEH@Z 10014970 f   RTPThread.obj
 0001:000139d0       ?is_alive@RTPThread@@QBE_NXZ 100149d0 f   RTPThread.obj
 0001:000139e0       ?reset_session_info@RTPThread@@IAEXXZ 100149e0 f   RTPThread.obj
 0001:00013a30       ?output_rtp_info@RTPThread@@IAEX_N@Z 10014a30 f   RTPThread.obj
 0001:00013a40       ?output_session_result@RTPThread@@IAEX_N@Z 10014a40 f   RTPThread.obj
 0001:00013a50       ?check_session@RTPThread@@IAE_NKH@Z 10014a50 f   RTPThread.obj
 0001:00013ac0       ?signal_check_session@RTPThread@@QAE_N_N@Z 10014ac0 f   RTPThread.obj
 0001:00013b00       ?get_server_time@RTPThread@@QBENXZ 10014b00 f   RTPThread.obj
 0001:00013b40       ?get_stream_time@RTPThread@@QBENXZ 10014b40 f   RTPThread.obj
 0001:00013b80       ?set_stream_time@RTPThread@@QAEXABN@Z 10014b80 f   RTPThread.obj
 0001:00013ba0       ?clear_wait_list@RTPThread@@IAEXXZ 10014ba0 f   RTPThread.obj
 0001:00013be0       ?reorder_data@RTPThread@@IAEXXZ 10014be0 f   RTPThread.obj
 0001:00013f90       ?send_rtcp@RTPThread@@IAE_NW4RTCPState@1@HH_N@Z 10014f90 f   RTPThread.obj
 0001:00014060       ?wait_thread_end@RTPThread@@QAEXXZ 10015060 f   RTPThread.obj
 0001:00014070       ?get_session_id@RTPThread@@QAEABVCString@@XZ 10015070 f   RTPThread.obj
 0001:000140a0       ?adjust_rtcp_time@RTPThread@@QAEXXZ 100150a0 f   RTPThread.obj
 0001:00014100       ?is_reconnect_timeout@RTPThread@@QAE_NK@Z 10015100 f   RTPThread.obj
 0001:00014130       ?is_rtp_timeout@RTPThread@@QAE_NK@Z 10015130 f   RTPThread.obj
 0001:00014150       ?on_session_count@RTPThread@@IAEXXZ 10015150 f   RTPThread.obj
 0001:00014170       ?on_no_video@RTPThread@@QBEX_N@Z 10015170 f   RTPThread.obj
 0001:00014190       ?send_rtcp@RTPThread@@QAE_NK_N@Z 10015190 f   RTPThread.obj
 0001:00014310       ?is_rtcp_send_time@RTPThread@@QAE_NK@Z 10015310 f   RTPThread.obj
 0001:00014320       ?on_congestion@RTPThread@@QAEXK@Z 10015320 f   RTPThread.obj
 0001:00014350       ?get_frame_rate@RTPThread@@QBEMXZ 10015350 f   RTPThread.obj
 0001:00014360       ?disable_timeout@RTPThread@@QAEXXZ 10015360 f   RTPThread.obj
 0001:00014370       ??1?$CAutoPtr@VMyByteArray@@@@QAE@XZ 10015370 f i RTPThread.obj
 0001:00014390       ?Free@?$CAutoPtr@VMyByteArray@@@@QAEXXZ 10015390 f i RTPThread.obj
 0001:000143b0       ??1?$CList@II@@UAE@XZ      100153b0 f i RTPThread.obj
 0001:00014420       ?Serialize@?$CList@II@@UAEXAAVCArchive@@@Z 10015420 f i RTPThread.obj
 0001:00014540       ??_E?$CList@II@@UAEPAXI@Z  10015540 f i RTPThread.obj
 0001:00014540       ??_G?$CList@II@@UAEPAXI@Z  10015540 f i RTPThread.obj
 0001:00014560       ?RemoveAll@?$CList@II@@QAEXXZ 10015560 f i RTPThread.obj
 0001:00014590       ?NewNode@?$CList@II@@IAEPAUCNode@1@PAU21@0@Z 10015590 f i RTPThread.obj
 0001:00014600       ??3CObject@@SGXPAX@Z       10015600 f i RTPThread.obj
 0001:00014610       ??1RTPThreadData@RTPThread@@QAE@XZ 10015610 f i RTPThread.obj
 0001:00014680       ??0RTSPClient@@QAE@XZ      10015680 f   RTSPClient.obj
 0001:00014ab0       ??_F?$CMap@VCString@@PBDW4State@RTSPClient@@W423@@@QAEXXZ 10015ab0 f i RTSPClient.obj
 0001:00014ac0       ??1RTSPClient@@QAE@XZ      10015ac0 f   RTSPClient.obj
 0001:00014bc0       ?cleanup@RTSPClient@@IAEXXZ 10015bc0 f   RTSPClient.obj
 0001:00014cf0       ?get_state@RTSPClient@@QBE?AW4State@1@XZ 10015cf0 f   RTSPClient.obj
 0001:00014d00       ?get_server_addr@RTSPClient@@QBEPBDXZ 10015d00 f   RTSPClient.obj
 0001:00014d10       ?get_server_rtp_port@RTSPClient@@QBEHXZ 10015d10 f   RTSPClient.obj
 0001:00014d20       ?get_server_rtcp_port@RTSPClient@@QBEHXZ 10015d20 f   RTSPClient.obj
 0001:00014d30       ?get_session_name@RTSPClient@@QBEPBDXZ 10015d30 f   RTSPClient.obj
 0001:00014d50       ?get_real_ip@RTSPClient@@QBEPBDXZ 10015d50 f   RTSPClient.obj
 0001:00014d70       ?get_http_port@RTSPClient@@QBEHXZ 10015d70 f   RTSPClient.obj
 0001:00014d90       ?get_ndtp_port@RTSPClient@@QBEHXZ 10015d90 f   RTSPClient.obj
 0001:00014db0       ?get_audio_permission@RTSPClient@@QBEHXZ 10015db0 f   RTSPClient.obj
 0001:00014dd0       ?get_talk_permission@RTSPClient@@QBEHXZ 10015dd0 f   RTSPClient.obj
 0001:00014df0       ?get_ptz_permission@RTSPClient@@QBEHXZ 10015df0 f   RTSPClient.obj
 0001:00014e10       ?is_talk_possible@RTSPClient@@QBE_NXZ 10015e10 f   RTSPClient.obj
 0001:00014e30       ?get_target_type@RTSPClient@@QBE?AW4TargetType@SdpInfo@@_N@Z 10015e30 f   RTSPClient.obj
 0001:00014ee0       ?get_video_codec@RTSPClient@@QBE?AW4VideoCodec@SdpInfo@@XZ 10015ee0 f   RTSPClient.obj
 0001:00014f00       ?get_biaudio_codec@RTSPClient@@QBE?AW4AudioCodec@SdpInfo@@XZ 10015f00 f   RTSPClient.obj
 0001:00014f20       ?get_audio_codec@RTSPClient@@QBE?AW4AudioCodec@SdpInfo@@XZ 10015f20 f   RTSPClient.obj
 0001:00014f40       ?get_audio_block_size@RTSPClient@@QBEHXZ 10015f40 f   RTSPClient.obj
 0001:00014f60       ?get_dvr_ch_start@RTSPClient@@QBEFXZ 10015f60 f   RTSPClient.obj
 0001:00014f80       ?get_dvr_ch_end@RTSPClient@@QBEFXZ 10015f80 f   RTSPClient.obj
 0001:00014fa0       ?is_valid_cap_info@RTSPClient@@QBE_NXZ 10015fa0 f   RTSPClient.obj
 0001:00014fc0       ?is_dvr_supported@RTSPClient@@QBEHXZ 10015fc0 f   RTSPClient.obj
 0001:00015000       ?start@RTSPClient@@QAEXPBDHHI@Z 10016000 f   RTSPClient.obj
 0001:00015180       ?stop@RTSPClient@@QAEXH@Z  10016180 f   RTSPClient.obj
 0001:00015230       ?is_alive@RTSPClient@@QBE_NXZ 10016230 f   RTSPClient.obj
 0001:00015240       ?request_rtsp_over_http@RTSPClient@@QAE_NPBDH@Z 10016240 f   RTSPClient.obj
 0001:000155c0       ?describe@RTSPClient@@QAEXPBD0@Z 100165c0 f   RTSPClient.obj
 0001:00015920       ?setup@RTSPClient@@QAEXHPBDHHHPAVRTPThread@@@Z 10016920 f   RTSPClient.obj
 0001:00015c80       ?play@RTSPClient@@QAEXXZ   10016c80 f   RTSPClient.obj
 0001:00015e00       ?teardown@RTSPClient@@QAEXH@Z 10016e00 f   RTSPClient.obj
 0001:00015f30       ?check_method@RTSPClient@@IAEXPBD@Z 10016f30 f   RTSPClient.obj
 0001:00016020       ?change_state@RTSPClient@@IAEXPBD@Z 10017020 f   RTSPClient.obj
 0001:00016090       ?parse_transport_info@RTSPClient@@IAEXPBD@Z 10017090 f   RTSPClient.obj
 0001:00016300       ?parse_udp_parameters@RTSPClient@@IAE_NABVCStringList@@@Z 10017300 f   RTSPClient.obj
 0001:000164f0       ?parse_tcp_parameters@RTSPClient@@IAE_NABVCStringList@@@Z 100174f0 f   RTSPClient.obj
 0001:000166e0       ?parse_rtp_info@RTSPClient@@IAEXPBD@Z 100176e0 f   RTSPClient.obj
 0001:00016820       ?send_request@RTSPClient@@IAEXPBDPBVCMapStringToString@@_N0@Z 10017820 f   RTSPClient.obj
 0001:00016c90       ?recv_thread_entry@RTSPClient@@KAIPAV1@@Z 10017c90 f   RTSPClient.obj
 0001:00016cc0       ?recv_thread_init@RTSPClient@@IAEHXZ 10017cc0 f   RTSPClient.obj
 0001:00016d70       ?recv_thread_run@RTSPClient@@IAEXXZ 10017d70 f   RTSPClient.obj
 0001:00016e20       ?recv_thread_exit@RTSPClient@@IAEXXZ 10017e20 f   RTSPClient.obj
 0001:00016e80       ?completion_routine@RTSPClient@@KGXKKPAU_OVERLAPPED@@K@Z 10017e80 f   RTSPClient.obj
 0001:00016f20       ?retrieve_msg@RTSPClient@@IAEXXZ 10017f20 f   RTSPClient.obj
 0001:000173d0       ?recv_response@RTSPClient@@IAEPAXH@Z 100183d0 f   RTSPClient.obj
 0001:00017530       ?send_interleaved_data@RTSPClient@@QAEXPBEGEPBD@Z 10018530 f   RTSPClient.obj
 0001:000176d0       ?reset_rtsp_over_http@RTSPClient@@IAEX_NPBD1H@Z 100186d0 f   RTSPClient.obj
 0001:00017720       ?close_post_channel@RTSPClient@@QAEXXZ 10018720 f   RTSPClient.obj
 0001:00017750       ?open_post_channel@RTSPClient@@IAE_NPBDH@Z 10018750 f   RTSPClient.obj
 0001:00017940       ?send_post_header@RTSPClient@@IAEXXZ 10018940 f   RTSPClient.obj
 0001:00017ba0       ?is_rec_admin@RTSPClient@@QBE_NXZ 10018ba0 f   RTSPClient.obj
 0001:00017bc0       ?has_video_source@RTSPClient@@QBE_NXZ 10018bc0 f   RTSPClient.obj
 0001:00017be0       ?has_video_signal@RTSPClient@@QBE_NXZ 10018be0 f   RTSPClient.obj
 0001:00017c00       ?on_disconnection@RTSPClient@@IAEXXZ 10018c00 f   RTSPClient.obj
 0001:00017c30       ?get_target_version@RTSPClient@@QBEXPAH00@Z 10018c30 f   RTSPClient.obj
 0001:00017c50       ?is_encrypted@RTSPClient@@QBE_NXZ 10018c50 f   RTSPClient.obj
 0001:00017c70       ?get_encrypt_key_number@RTSPClient@@QBEHXZ 10018c70 f   RTSPClient.obj
 0001:00017c90       ?is_audio_encrypted@RTSPClient@@QBE_NXZ 10018c90 f   RTSPClient.obj
 0001:00017cb0       ?is_video_encrypted@RTSPClient@@QBE_NXZ 10018cb0 f   RTSPClient.obj
 0001:00017cd0       ?get_auth_capability@RTSPClient@@QBEHXZ 10018cd0 f   RTSPClient.obj
 0001:00017cf0       ?handle_server_request@RTSPClient@@IAEXPBVRTSPRequest@@@Z 10018cf0 f   RTSPClient.obj
 0001:00017dc0       ??1?$CAutoPtr@VSDP@@@@QAE@XZ 10018dc0 f i RTSPClient.obj
 0001:00017de0       ??1?$CAutoPtr@VQueue@@@@QAE@XZ 10018de0 f i RTSPClient.obj
 0001:00017e10       ??1?$CAutoPtr@VHTTPResponse@@@@QAE@XZ 10018e10 f i RTSPClient.obj
 0001:00017e30       ??1?$CAutoPtr@VRTSPResponse@@@@QAE@XZ 10018e30 f i RTSPClient.obj
 0001:00017e50       ??1?$CAutoPtr@VRTSPRequest@@@@QAE@XZ 10018e50 f i RTSPClient.obj
 0001:00017e70       ??0?$CMap@VCString@@PBDW4State@RTSPClient@@W423@@@QAE@H@Z 10018e70 f i RTSPClient.obj
 0001:00017ea0       ??A?$CMap@VCString@@PBDW4State@RTSPClient@@W423@@@QAEAAW4State@RTSPClient@@PBD@Z 10018ea0 f i RTSPClient.obj
 0001:00017fa0       ??1?$CMap@VCString@@PBDW4State@RTSPClient@@W423@@@UAE@XZ 10018fa0 f i RTSPClient.obj
 0001:00018040       ?Serialize@?$CMap@VCString@@PBDW4State@RTSPClient@@W423@@@UAEXAAVCArchive@@@Z 10019040 f i RTSPClient.obj
 0001:00018260       ??_G?$CMap@VCString@@PBDW4State@RTSPClient@@W423@@@UAEPAXI@Z 10019260 f i RTSPClient.obj
 0001:00018260       ??_E?$CMap@VCString@@PBDW4State@RTSPClient@@W423@@@UAEPAXI@Z 10019260 f i RTSPClient.obj
 0001:00018280       ?InitHashTable@?$CMap@VCString@@PBDW4State@RTSPClient@@W423@@@QAEXIH@Z 10019280 f i RTSPClient.obj
 0001:000182f0       ?NewAssoc@?$CMap@VCString@@PBDW4State@RTSPClient@@W423@@@IAEPAUCAssoc@1@XZ 100192f0 f i RTSPClient.obj
 0001:00018360       ?GetAssocAt@?$CMap@VCString@@PBDW4State@RTSPClient@@W423@@@IBEPAUCAssoc@1@PBDAAI@Z 10019360 f i RTSPClient.obj
 0001:000183c0       ??0RTSPError@@QAE@W4RTSPERROR@@@Z 100193c0 f   RTSPError.obj
 0001:000183e0       ??0RTSPError@@QAE@W4RTSPERROR@@PBD@Z 100193e0 f   RTSPError.obj
 0001:00018430       ??0RTSPError@@QAE@W4RTSPERROR@@I@Z 10019430 f   RTSPError.obj
 0001:00018460       ??1RTSPError@@UAE@XZ       10019460 f   RTSPError.obj
 0001:00018470       ?get_value@RTSPError@@QBEPBDXZ 10019470 f   RTSPError.obj
 0001:00018480       ??0RTSPMessage@@QAE@XZ     10019480 f   RTSPMessage.obj
 0001:000184d0       ??_ERTSPMessage@@UAEPAXI@Z 100194d0 f i RTSPMessage.obj
 0001:000184d0       ??_GRTSPMessage@@UAEPAXI@Z 100194d0 f i RTSPMessage.obj
 0001:000184f0       ??1RTSPMessage@@UAE@XZ     100194f0 f   RTSPMessage.obj
 0001:00018550       ?get_header_value@RTSPMessage@@QBE?AVCString@@PBD@Z 10019550 f   RTSPMessage.obj
 0001:00018640       ?get_body@RTSPMessage@@QBEABVMyByteArray@@XZ 10019640 f   RTSPMessage.obj
 0001:00018650       ?set_body@RTSPMessage@@QAEXPBEH@Z 10019650 f   RTSPMessage.obj
 0001:00018680       ?parse_headers@RTSPMessage@@IAEXABVCStringList@@@Z 10019680 f   RTSPMessage.obj
 0001:000187b0       ?check_rtsp_version@RTSPMessage@@IBEXPBD@Z 100197b0 f   RTSPMessage.obj
 0001:000189b0       ??0RTSPRequest@@QAE@PBD@Z  100199b0 f   RTSPRequest.obj
 0001:00018a20       ??_GRTSPRequest@@UAEPAXI@Z 10019a20 f i RTSPRequest.obj
 0001:00018a20       ??_ERTSPRequest@@UAEPAXI@Z 10019a20 f i RTSPRequest.obj
 0001:00018a40       ??1RTSPRequest@@UAE@XZ     10019a40 f   RTSPRequest.obj
 0001:00018aa0       ?get_method@RTSPRequest@@QBE?AVCString@@XZ 10019aa0 f   RTSPRequest.obj
 0001:00018ac0       ?is_rtsp_req@RTSPRequest@@SA_NPBD@Z 10019ac0 f   RTSPRequest.obj
 0001:00018c70       ?parse_request@RTSPRequest@@IAEXPBD@Z 10019c70 f   RTSPRequest.obj
 0001:00018d90       ?parse_request_line@RTSPRequest@@IAEXPBD@Z 10019d90 f   RTSPRequest.obj
 0001:00018f40       ?get_param_string@RTSPRequest@@QBE?AVCString@@XZ 10019f40 f   RTSPRequest.obj
 0001:00019110       ??0RTSPResponse@@QAE@PBD@Z 1001a110 f   RTSPResponse.obj
 0001:00019180       ??_ERTSPResponse@@UAEPAXI@Z 1001a180 f i RTSPResponse.obj
 0001:00019180       ??_GRTSPResponse@@UAEPAXI@Z 1001a180 f i RTSPResponse.obj
 0001:000191a0       ??1RTSPResponse@@UAE@XZ    1001a1a0 f   RTSPResponse.obj
 0001:00019200       ?get_status@RTSPResponse@@QBEHXZ 1001a200 f   RTSPResponse.obj
 0001:00019210       ?is_success@RTSPResponse@@QBE_NXZ 1001a210 f   RTSPResponse.obj
 0001:00019230       ?get_reason@RTSPResponse@@QBEABVCString@@XZ 1001a230 f   RTSPResponse.obj
 0001:00019240       ?parse_response@RTSPResponse@@IAEXPBD@Z 1001a240 f   RTSPResponse.obj
 0001:00019360       ?parse_status_line@RTSPResponse@@IAEXPBD@Z 1001a360 f   RTSPResponse.obj
 0001:00019530       ?to_string@RTSPResponse@@QBE?AVCString@@XZ 1001a530 f   RTSPResponse.obj
 0001:000196f0       ?is_rtsp_resp@RTSPResponse@@SA_NPBD@Z 1001a6f0 f   RTSPResponse.obj
 0001:00019780       ??0RTSPThread@@QAE@PAUIRTSPThreadCallback@@@Z 1001a780 f   RTSPThread.obj
 0001:000198c0       ??_ERTSPThread@@UAEPAXI@Z  1001a8c0 f i RTSPThread.obj
 0001:000198c0       ??_GRTSPThread@@UAEPAXI@Z  1001a8c0 f i RTSPThread.obj
 0001:000198e0       ??1RTSPThread@@UAE@XZ      1001a8e0 f   RTSPThread.obj
 0001:000199b0       ?get_state@RTSPThread@@QBE?AW4State@1@XZ 1001a9b0 f   RTSPThread.obj
 0001:000199c0       ?set_state@RTSPThread@@IAEXW4State@1@J@Z 1001a9c0 f   RTSPThread.obj
 0001:000199e0       ?start@RTSPThread@@QAEXXZ  1001a9e0 f   RTSPThread.obj
 0001:00019a30       ?RTSPThreadProc@RTSPThread@@KGJPAV1@@Z 1001aa30 f   RTSPThread.obj
 0001:00019a60       ?RTSPThreadInit@RTSPThread@@IAEHXZ 1001aa60 f   RTSPThread.obj
 0001:00019af0       ?RTSPThreadRun@RTSPThread@@IAEXXZ 1001aaf0 f   RTSPThread.obj
 0001:00019c90       ?RTSPThreadExit@RTSPThread@@IAEXXZ 1001ac90 f   RTSPThread.obj
 0001:00019d40       ?poll_connection@RTSPThread@@IAEXXZ 1001ad40 f   RTSPThread.obj
 0001:00019ef0       ?fsm_init@RTSPThread@@IAE_NPAUParams@1@@Z 1001aef0 f   RTSPThread.obj
 0001:00019f40       ?fsm_connecting@RTSPThread@@IAE_NPAUParams@1@@Z 1001af40 f   RTSPThread.obj
 0001:0001a060       ?fsm_connected@RTSPThread@@IAE_NPAUParams@1@@Z 1001b060 f   RTSPThread.obj
 0001:0001a0b0       ?fsm_authenticating@RTSPThread@@IAE_NPAUParams@1@@Z 1001b0b0 f   RTSPThread.obj
 0001:0001a1c0       ?fsm_waiting_auth@RTSPThread@@IAE_NPAUParams@1@@Z 1001b1c0 f   RTSPThread.obj
 0001:0001a210       ?fsm_authenticated@RTSPThread@@IAE_NPAUParams@1@@Z 1001b210 f   RTSPThread.obj
 0001:0001a260       ?fsm_encrypt_authenticating@RTSPThread@@IAE_NPAUParams@1@@Z 1001b260 f   RTSPThread.obj
 0001:0001a330       ?fsm_waiting_encrypt_auth@RTSPThread@@IAE_NPAUParams@1@@Z 1001b330 f   RTSPThread.obj
 0001:0001a380       ?fsm_encrypt_authenticated@RTSPThread@@IAE_NPAUParams@1@@Z 1001b380 f   RTSPThread.obj
 0001:0001a3d0       ?fsm_playing@RTSPThread@@IAE_NPAUParams@1@@Z 1001b3d0 f   RTSPThread.obj
 0001:0001a3f0       ?fsm_played@RTSPThread@@IAE_NPAUParams@1@@Z 1001b3f0 f   RTSPThread.obj
 0001:0001a430       ?fsm_stopping@RTSPThread@@IAE_NPAUParams@1@@Z 1001b430 f   RTSPThread.obj
 0001:0001a4a0       ?connect@RTSPThread@@QAEXPBDIFH_N@Z 1001b4a0 f   RTSPThread.obj
 0001:0001a580       ?connect@RTSPThread@@IAE_NPAUParams@1@@Z 1001b580 f   RTSPThread.obj
 0001:0001a730       ?request_rtsp_over_http@RTSPThread@@IAE_NXZ 1001b730 f   RTSPThread.obj
 0001:0001a7f0       ?authenticate@RTSPThread@@QAEXPBD000H@Z 1001b7f0 f   RTSPThread.obj
 0001:0001a960       ?authenticate@RTSPThread@@IAEXPAUParams@1@@Z 1001b960 f   RTSPThread.obj
 0001:0001aa80       ?setup_and_pass_encrypt@RTSPThread@@QAEXHPBDHPAVRTPThread@@H@Z 1001ba80 f   RTSPThread.obj
 0001:0001ab80       ?encrypt_authenticate@RTSPThread@@IAEXPAUParams@1@@Z 1001bb80 f   RTSPThread.obj
 0001:0001acb0       ??0Encrypted@@QAE@ABV0@@Z  1001bcb0 f i RTSPThread.obj
 0001:0001acf0       ?play@RTSPThread@@QAEXXZ   1001bcf0 f   RTSPThread.obj
 0001:0001ad60       ?play@RTSPThread@@IAEXPAUParams@1@@Z 1001bd60 f   RTSPThread.obj
 0001:0001ad80       ?stop@RTSPThread@@QAEHHH@Z 1001bd80 f   RTSPThread.obj
 0001:0001ae00       ?stop@RTSPThread@@IAEXPAUParams@1@@Z 1001be00 f   RTSPThread.obj
 0001:0001ae50       ?kill@RTSPThread@@QAEXXZ   1001be50 f   RTSPThread.obj
 0001:0001aec0       ?send_interleaved_data@RTSPThread@@QAEXPBEGEPBD@Z 1001bec0 f   RTSPThread.obj
 0001:0001afd0       ?send_interleaved_data@RTSPThread@@IAEXPAUParams@1@@Z 1001bfd0 f   RTSPThread.obj
 0001:0001b040       ?get_username@RTSPThread@@IBEABVCString@@XZ 1001c040 f   RTSPThread.obj
 0001:0001b050       ?get_key_string@RTSPThread@@IBEABVCString@@XZ 1001c050 f   RTSPThread.obj
 0001:0001b060       ??1?$CAutoPtr@UParams@RTSPThread@@@@QAE@XZ 1001c060 f i RTSPThread.obj
 0001:0001b080       ??_9@$BBM@AG               1001c080 f i RTSPThread.obj
 0001:0001b090       ??_9@$BCA@AG               1001c090 f i RTSPThread.obj
 0001:0001b0a0       ??_9@$BA@AG                1001c0a0 f i RTSPThread.obj
 0001:0001b0b0       ??_9@$BCE@AG               1001c0b0 f i RTSPThread.obj
 0001:0001b0c0       ??_9@$B3AG                 1001c0c0 f i RTSPThread.obj
 0001:0001b0d0       ??_9@$B7AG                 1001c0d0 f i RTSPThread.obj
 0001:0001b0e0       ??_9@$BCM@AG               1001c0e0 f i RTSPThread.obj
 0001:0001b0f0       ??_9@$BM@AG                1001c0f0 f i RTSPThread.obj
 0001:0001b100       ??_9@$BBA@AG               1001c100 f i RTSPThread.obj
 0001:0001b110       ??_9@$BBE@AG               1001c110 f i RTSPThread.obj
 0001:0001b120       ??_9@$BBI@AG               1001c120 f i RTSPThread.obj
 0001:0001b130       ??1Params@RTSPThread@@UAE@XZ 1001c130 f i RTSPThread.obj
 0001:0001b140       ??_EParams@RTSPThread@@UAEPAXI@Z 1001c140 f i RTSPThread.obj
 0001:0001b140       ??_GParams@RTSPThread@@UAEPAXI@Z 1001c140 f i RTSPThread.obj
 0001:0001b160       ??_EStopParams@RTSPThread@@UAEPAXI@Z 1001c160 f i RTSPThread.obj
 0001:0001b160       ??_GStopParams@RTSPThread@@UAEPAXI@Z 1001c160 f i RTSPThread.obj
 0001:0001b180       ??_EConnectParams@RTSPThread@@UAEPAXI@Z 1001c180 f i RTSPThread.obj
 0001:0001b180       ??_GConnectParams@RTSPThread@@UAEPAXI@Z 1001c180 f i RTSPThread.obj
 0001:0001b1a0       ??_GAuthParams@RTSPThread@@UAEPAXI@Z 1001c1a0 f i RTSPThread.obj
 0001:0001b1a0       ??_EAuthParams@RTSPThread@@UAEPAXI@Z 1001c1a0 f i RTSPThread.obj
 0001:0001b1c0       ??_ESetupParams@RTSPThread@@UAEPAXI@Z 1001c1c0 f i RTSPThread.obj
 0001:0001b1c0       ??_GSetupParams@RTSPThread@@UAEPAXI@Z 1001c1c0 f i RTSPThread.obj
 0001:0001b1e0       ??_EDataParams@RTSPThread@@UAEPAXI@Z 1001c1e0 f i RTSPThread.obj
 0001:0001b1e0       ??_GDataParams@RTSPThread@@UAEPAXI@Z 1001c1e0 f i RTSPThread.obj
 0001:0001b200       ??1StopParams@RTSPThread@@UAE@XZ 1001c200 f i RTSPThread.obj
 0001:0001b210       ??1ConnectParams@RTSPThread@@UAE@XZ 1001c210 f i RTSPThread.obj
 0001:0001b260       ??1AuthParams@RTSPThread@@UAE@XZ 1001c260 f i RTSPThread.obj
 0001:0001b2d0       ??1SetupParams@RTSPThread@@UAE@XZ 1001c2d0 f i RTSPThread.obj
 0001:0001b320       ??1DataParams@RTSPThread@@UAE@XZ 1001c320 f i RTSPThread.obj
 0001:0001b370       ??_EEncrypted@@UAEPAXI@Z   1001c370 f i RTSPThread.obj
 0001:0001b370       ??_GEncrypted@@UAEPAXI@Z   1001c370 f i RTSPThread.obj
 0001:0001b390       ??1Encrypted@@UAE@XZ       1001c390 f i RTSPThread.obj
 0001:0001b3a0       ??0SDP@@QAE@PBDH@Z         1001c3a0 f   SDP.obj
 0001:0001b540       ??_ESDP@@UAEPAXI@Z         1001c540 f i SDP.obj
 0001:0001b540       ??_GSDP@@UAEPAXI@Z         1001c540 f i SDP.obj
 0001:0001b560       ??1SDP@@UAE@XZ             1001c560 f   SDP.obj
 0001:0001b600       ?parse_data@SDP@@IAEXPBD@Z 1001c600 f   SDP.obj
 0001:0001b720       ?parse_unknown_phase@SDP@@IAEXDABVCString@@@Z 1001c720 f   SDP.obj
 0001:0001b740       ?parse_session_phase@SDP@@IAEXDABVCString@@@Z 1001c740 f   SDP.obj
 0001:0001b7f0       ?parse_media_phase@SDP@@IAEXDABVCString@@@Z 1001c7f0 f   SDP.obj
 0001:0001b820       ?get_target_version@SDP@@QBEXPAH00@Z 1001c820 f   SDP.obj
 0001:0001b850       ?parse_v@SDP@@IAEXABVCString@@@Z 1001c850 f   SDP.obj
 0001:0001b860       ?parse_s@SDP@@IAEXABVCString@@@Z 1001c860 f   SDP.obj
 0001:0001b870       ?parse_o@SDP@@IAEXABVCString@@@Z 1001c870 f   SDP.obj
 0001:0001ba80       ?parse_i@SDP@@IAEXABVCString@@@Z 1001ca80 f   SDP.obj
 0001:0001bf00       ?parse_sa@SDP@@IAEXABVCString@@@Z 1001cf00 f   SDP.obj
 0001:0001c970       ?parse_dst_date@SDP@@IAEXABVCString@@@Z 1001d970 f   SDP.obj
 0001:0001ca70       ?parse_date_time@SDP@@IAEXABVCString@@AAH11111@Z 1001da70 f   SDP.obj
 0001:0001cbe0       ?parse_u@SDP@@IAEXABVCString@@@Z 1001dbe0 f   SDP.obj
 0001:0001cbf0       ?parse_m@SDP@@IAEXABVCString@@@Z 1001dbf0 f   SDP.obj
 0001:0001cc00       ?parse_a@SDP@@IAEXABVCString@@@Z 1001dc00 f   SDP.obj
 0001:0001cce0       ?parse_k@SDP@@IAEXABVCString@@@Z 1001dce0 f   SDP.obj
 0001:0001cf40       ?get_talk_permission@SDP@@QAEHXZ 1001df40 f   SDP.obj
 0001:0001cf60       ?get_audio_permission@SDP@@QBEHXZ 1001df60 f   SDP.obj
 0001:0001cf70       ?get_ptz_permission@SDP@@QBEHXZ 1001df70 f   SDP.obj
 0001:0001cf80       ?is_dvr_supported@SDP@@QBE_NXZ 1001df80 f   SDP.obj
 0001:0001cfa0       ?is_dvr_enhanced_supported@SDP@@QBE_NXZ 1001dfa0 f   SDP.obj
 0001:0001cfe0       ?is_multi_profile_supported@SDP@@QBE_NXZ 1001dfe0 f   SDP.obj
 0001:0001cff0       ?is_userinfo_encoding_supported@SDP@@QBE_NXZ 1001dff0 f   SDP.obj
 0001:0001d000       ?is_https_supported@SDP@@QBE_NXZ 1001e000 f   SDP.obj
 0001:0001d010       ?is_memory_record_supported@SDP@@QBE_NXZ 1001e010 f   SDP.obj
 0001:0001d020       ?is_http_stream_supported@SDP@@QBE_NXZ 1001e020 f   SDP.obj
 0001:0001d030       ?get_web_port@SDP@@QBEHXZ  1001e030 f   SDP.obj
 0001:0001d050       ?is_rec_session@SDP@@QBE_NXZ 1001e050 f   SDP.obj
 0001:0001d0a0       ?get_daylight_saving_from@SDP@@QBEXAAH00000@Z 1001e0a0 f   SDP.obj
 0001:0001d0f0       ?get_daylight_saving_to@SDP@@QBEXAAH00000@Z 1001e0f0 f   SDP.obj
 0001:0001d140       ?GetSAVersion@SDP@@QBEXPAH00@Z 1001e140 f   SDP.obj
 0001:0001d1c0       ?my_new@@YAPAXIPBDI0@Z     1001e1c0 f   StdAfx.obj
 0001:0001d290       ?my_delete@@YAXPAXPBDI1@Z  1001e290 f   StdAfx.obj
 0001:0001d330       ??0UnwrapThread@@QAE@PAVCICSStreamFilter@@@Z 1001e330 f   UnwrapThread.obj
 0001:0001d450       ??_GUnwrapThread@@UAEPAXI@Z 1001e450 f i UnwrapThread.obj
 0001:0001d450       ??_EUnwrapThread@@UAEPAXI@Z 1001e450 f i UnwrapThread.obj
 0001:0001d470       ??1UnwrapThread@@UAE@XZ    1001e470 f   UnwrapThread.obj
 0001:0001d550       ?start@UnwrapThread@@QAEXW4TargetType@SdpInfo@@W4VideoCodec@3@W4AudioCodec@3@HPAVRTPThread@@_N@Z 1001e550 f   UnwrapThread.obj
 0001:0001d5a0       ?stop@UnwrapThread@@QAEXXZ 1001e5a0 f   UnwrapThread.obj
 0001:0001d600       ?stop_pause@UnwrapThread@@QAEXXZ 1001e600 f   UnwrapThread.obj
 0001:0001d620       ?pass_data@UnwrapThread@@QAE_NAAV?$CAutoPtr@VMyByteArray@@@@HHH@Z 1001e620 f   UnwrapThread.obj
 0001:0001d740       ?get_stream_time@UnwrapThread@@QBENXZ 1001e740 f   UnwrapThread.obj
 0001:0001d7a0       ?set_stream_time@UnwrapThread@@QAEXABN@Z 1001e7a0 f   UnwrapThread.obj
 0001:0001d810       ?UnwrapThreadInit@UnwrapThread@@IAE_NXZ 1001e810 f   UnwrapThread.obj
 0001:0001d8f0       ?UnwrapThreadRun@UnwrapThread@@IAEXXZ 1001e8f0 f   UnwrapThread.obj
 0001:0001d9e0       ??_GUnwrapData@UnwrapThread@@QAEPAXI@Z 1001e9e0 f i UnwrapThread.obj
 0001:0001da00       ??1UnwrapData@UnwrapThread@@QAE@XZ 1001ea00 f i UnwrapThread.obj
 0001:0001da20       ?UnwrapThreadExit@UnwrapThread@@IAEXXZ 1001ea20 f   UnwrapThread.obj
 0001:0001daf0       ?UnwrapThreadProc@UnwrapThread@@KAIPAV1@@Z 1001eaf0 f   UnwrapThread.obj
 0001:0001db20       ?play_stream_440@UnwrapThread@@IAEXPAEJ@Z 1001eb20 f   UnwrapThread.obj
 0001:0001dfd0       ?wait_thread_start@UnwrapThread@@QAEXXZ 1001efd0 f   UnwrapThread.obj
 0001:0001e000       ?update_frame_times@UnwrapThread@@IAEXK@Z 1001f000 f   UnwrapThread.obj
 0001:0001e130       ?get_frame_rate@UnwrapThread@@QBEMXZ 1001f130 f   UnwrapThread.obj
 0001:0001e180       ?is_video_timeout@UnwrapThread@@QAE_NK@Z 1001f180 f   UnwrapThread.obj
 0001:0001e1d0       ?reset_video_timeout@UnwrapThread@@QAEXK@Z 1001f1d0 f   UnwrapThread.obj
 0001:0001e200       ?is_reconnect_timeout@UnwrapThread@@QAE_NK@Z 1001f200 f   UnwrapThread.obj
 0001:0001e2c0       ?clear@UnwrapThread@@IAEXXZ 1001f2c0 f   UnwrapThread.obj
 0001:0001e3b0       ?fire_error@UnwrapThread@@IAEXJPBD@Z 1001f3b0 f   UnwrapThread.obj
 0001:0001e420       ?disable_timeout@UnwrapThread@@QAEXXZ 1001f420 f   UnwrapThread.obj
 0001:0001e430       ?wait_thread_end@UnwrapThread@@QAEXXZ 1001f430 f   UnwrapThread.obj
 0001:0001e470       ?is_alive@UnwrapThread@@QBE_NXZ 1001f470 f   UnwrapThread.obj
 0001:0001e480       ??0?$CAutoPtr@VMyByteArray@@@@QAE@AAV0@@Z 1001f480 f i UnwrapThread.obj
 0001:0001e4a0       ??1?$CAutoPtr@UUnwrapData@UnwrapThread@@@@QAE@XZ 1001f4a0 f i UnwrapThread.obj
 0001:0001e4d0       ??1?$CList@KK@@UAE@XZ      1001f4d0 f i UnwrapThread.obj
 0001:0001e540       ?Serialize@?$CList@KK@@UAEXAAVCArchive@@@Z 1001f540 f i UnwrapThread.obj
 0001:0001e660       ??_G?$CList@KK@@UAEPAXI@Z  1001f660 f i UnwrapThread.obj
 0001:0001e660       ??_E?$CList@KK@@UAEPAXI@Z  1001f660 f i UnwrapThread.obj
 0001:0001e700       ?read_lines@@YAXPBDAAVCStringList@@@Z 1001f700 f   utils.obj
 0001:0001e800       ?string_split_whitespace@@YAXPBDHAAVCStringList@@@Z 1001f800 f   utils.obj
 0001:0001e950       ?string_split@@YAXPBD0HAAVCStringList@@@Z 1001f950 f   utils.obj
 0001:0001ead0       ?mem_find@@YAHPBEH0H@Z     1001fad0 f   utils.obj
 0001:0001eb40       ?get_module_dir@@YAPBDXZ   1001fb40 f   utils.obj
 0001:0001eb90       ?is_higher_or_equal_version@@YA_NHHHHHH@Z 1001fb90 f   utils.obj
 0001:0001ebd0       ?raise_error@@YAXXZ        1001fbd0 f   utils.obj
 0001:0001ebe0       ?Dec_DecryptVideoData@@YAHHPADH@Z 1001fbe0 f   utils.obj
 0001:0001ec10       ??0CVideoMemoryPool@@QAE@XZ 1001fc10 f   VideoMemoryPool.obj
 0001:0001eca0       ??_ECVideoMemoryPool@@UAEPAXI@Z 1001fca0 f i VideoMemoryPool.obj
 0001:0001eca0       ??_GCVideoMemoryPool@@UAEPAXI@Z 1001fca0 f i VideoMemoryPool.obj
 0001:0001ecc0       ??1CVideoMemoryPool@@UAE@XZ 1001fcc0 f   VideoMemoryPool.obj
 0001:0001ee30       ?GetPoolNode@CVideoMemoryPool@@QAEPAUtVIDEODATADEF@@I@Z 1001fe30 f   VideoMemoryPool.obj
 0001:0001f180       ?ReleasePoolNode@CVideoMemoryPool@@QAE_NPAUtVIDEODATADEF@@@Z 10020180 f   VideoMemoryPool.obj
 0001:0001f390       ?TakeFreeListNode@?$CMemStack@V?$MEMPOOLITEM@$0IAAA@@@$00@@AAEPAUMEMLIST@1@XZ 10020390 f i VideoMemoryPool.obj
 0001:0001f3b0       ?AddFreeListNode@?$CMemStack@V?$MEMPOOLITEM@$0BAAAA@@@$00@@AAE_NPAUMEMLIST@1@@Z 100203b0 f i VideoMemoryPool.obj
 0001:0001f3f0       ?TakeFreeListNode@?$CMemStack@V?$MEMPOOLITEM@$0BAAAA@@@$00@@AAEPAUMEMLIST@1@XZ 100203f0 f i VideoMemoryPool.obj
 0001:0001f410       ?AddFreeListNode@?$CMemStack@V?$MEMPOOLITEM@$0CAAAA@@@$00@@AAE_NPAUMEMLIST@1@@Z 10020410 f i VideoMemoryPool.obj
 0001:0001f450       ?TakeFreeListNode@?$CMemStack@V?$MEMPOOLITEM@$0CAAAA@@@$00@@AAEPAUMEMLIST@1@XZ 10020450 f i VideoMemoryPool.obj
 0001:0001f470       ?AddFreeListNode@?$CMemStack@V?$MEMPOOLITEM@$0EAAAA@@@$00@@AAE_NPAUMEMLIST@1@@Z 10020470 f i VideoMemoryPool.obj
 0001:0001f4b0       ?TakeFreeListNode@?$CMemStack@V?$MEMPOOLITEM@$0EAAAA@@@$00@@AAEPAUMEMLIST@1@XZ 100204b0 f i VideoMemoryPool.obj
 0001:0001f4d0       ??0CVideoQueue@@QAE@H@Z    100204d0 f   VideoQueue.obj
 0001:0001f590       ??_ECVideoQueue@@UAEPAXI@Z 10020590 f i VideoQueue.obj
 0001:0001f590       ??_GCVideoQueue@@UAEPAXI@Z 10020590 f i VideoQueue.obj
 0001:0001f5b0       ??1CVideoQueue@@UAE@XZ     100205b0 f   VideoQueue.obj
 0001:0001f620       ?PutQueue@CVideoQueue@@QAE_NPAUtVIDEODATADEF@@@Z 10020620 f   VideoQueue.obj
 0001:0001f710       ?getQueData@CVideoQueue@@IAEPAUtVIDEODATADEF@@XZ 10020710 f   VideoQueue.obj
 0001:0001f740       ?GetQueue@CVideoQueue@@QAEPAUtVIDEODATADEF@@XZ 10020740 f   VideoQueue.obj
 0001:0001f7a0       ?ReleasePool@CVideoQueue@@QAE_NPAUtVIDEODATADEF@@@Z 100207a0 f   VideoQueue.obj
 0001:0001f7c0       ?AddTail@CVideoQueue@@IAE_NPAUtVIDEODATADEF@@@Z 100207c0 f   VideoQueue.obj
 0001:0001f860       ?RemoveNode@CVideoQueue@@IAE_NPAUtQUEPOOLNODE@@@Z 10020860 f   VideoQueue.obj
 0001:0001f8f0       ?RemoveBFrames@CVideoQueue@@IAE_NXZ 100208f0 f   VideoQueue.obj
 0001:0001f930       ?RemovePFrames@CVideoQueue@@IAE_NXZ 10020930 f   VideoQueue.obj
 0001:0001f980       ?RemoveExtraFrames@CVideoQueue@@QAE_NXZ 10020980 f   VideoQueue.obj
 0001:0001fa00       ?ClearQueue@CVideoQueue@@QAE_NXZ 10020a00 f   VideoQueue.obj
 0001:0001fac0       ?IsFull@CVideoQueue@@QAE_NXZ 10020ac0 f   VideoQueue.obj
 0001:0001fad0       ?IsEmpty@CVideoQueue@@QAE_NXZ 10020ad0 f   VideoQueue.obj
 0001:0001fae0       ?GetPoolNode@CVideoQueue@@QAEPAUtVIDEODATADEF@@I@Z 10020ae0 f   VideoQueue.obj
 0001:0001fb00       _timeKillEvent@4           10020b00 f   winmm:WINMM.dll
 0001:0001fb06       _timeSetEvent@20           10020b06 f   winmm:WINMM.dll
 0001:0001fb0c       _timeGetTime@0             10020b0c f   winmm:WINMM.dll
 0001:0001fb20       ??0CClassFactory@@QAE@PBVCFactoryTemplate@@@Z 10020b20 f   strmbase:dllentry.obj
 0001:0001fb50       ?QueryInterface@CClassFactory@@UAGJABU_GUID@@PAPAX@Z 10020b50 f   strmbase:dllentry.obj
 0001:0001fbc0       ?AddRef@CClassFactory@@UAGKXZ 10020bc0 f   strmbase:dllentry.obj
 0001:0001fbd0       ?Release@CClassFactory@@UAGKXZ 10020bd0 f   strmbase:dllentry.obj
 0001:0001fc00       ??1CClassFactory@@QAE@XZ   10020c00 f i strmbase:dllentry.obj
 0001:0001fc20       ?CreateInstance@CClassFactory@@UAGJPAUIUnknown@@ABU_GUID@@PAPAX@Z 10020c20 f   strmbase:dllentry.obj
 0001:0001fcd0       ?LockServer@CClassFactory@@UAGJH@Z 10020cd0 f   strmbase:dllentry.obj
 0001:0001fd00       _DllGetClassObject@12      10020d00 f   strmbase:dllentry.obj
[...]
 0003:00000c50       ??_C@_0M@PMJF@Ch?$CFd?5irisOn?$AA@ 1003bc50     PTZController.obj
 0003:00000c5c       ??_C@_0N@LGPK@Ch?$CFd?5irisOff?$AA@ 1003bc5c     PTZController.obj
 0003:00000c6c       ??_C@_0O@JEBK@Ch?$CFd?5irisAuto?$AA@ 1003bc6c     PTZController.obj
 0003:00000c7c       ??_C@_0BA@GIII@Ch?$CFd?5panSpeed?$CFd?$AA@ 1003bc7c     PTZController.obj
 0003:00000c8c       ??_C@_0BB@KKHL@Ch?$CFd?5tiltSpeed?$CFd?$AA@ 1003bc8c     PTZController.obj
 0003:00000ca0       ??_C@_0BB@GMMD@Ch?$CFd?5zoomSpeed?$CFd?$AA@ 1003bca0     PTZController.obj
 0003:00000cb4       ??_C@_0BA@MNIL@Ch?$CFd?5position?$CFd?$AA@ 1003bcb4     PTZController.obj
 0003:00000cc4       ??_C@_0BE@LPNN@Ch?$CFd?5movePosition?$CFd?$AA@ 1003bcc4     PTZController.obj
 0003:00000cd8       ??_C@_0BH@IIBL@Ch?$CFd?5positionName?$CFd?0?$CFs?$AA@ 1003bcd8     PTZController.obj
 0003:00000cf0       ??_C@_0P@ONPL@Ch?$CFd?5custom?3?$CFs?$AA@ 1003bcf0     PTZController.obj
 0003:00000d00       ??_C@_0BE@CCIL@Ch?$CFd?5updatePosition?$AA@ 1003bd00     PTZController.obj
 0003:00000d14       ??_C@_0BL@NHBL@Ch?$CFd?5moveCenter?$CFd?0?$CFd?0?$CFd?0?$CFd?$AA@ 1003bd14     PTZController.obj
 0003:00000d30       ??_C@_0BA@CBIJ@?1ext_device?4htm?$AA@ 1003bd30     PTZController.obj
 0003:00000d40       ??_C@_0BL@NBGI@Ch?$CFd?5extDevice?$CF02d?9?$CF02d?5?$CFs?$AA@ 1003bd40     PTZController.obj
 0003:00000d5c       ??_C@_03OJPB@off?$AA@      1003bd5c     PTZController.obj
 0003:00000d60       ??_C@_0BA@GLMD@Ch?$CFd?5resetLimit?$AA@ 1003bd60     PTZController.obj
 0003:00000d70       ??_C@_0BA@DBAA@Ch?$CFd?5returnHome?$AA@ 1003bd70     PTZController.obj
 0003:00000d80       ??_C@_0N@MAGG@Ch?$CFd?5nightOn?$AA@ 1003bd80     PTZController.obj
 0003:00000d90       ??_C@_0O@BAMG@Ch?$CFd?5nightOff?$AA@ 1003bd90     PTZController.obj
 0003:00000de0       ??_C@_04BCMP@?$CFd?5?5?$AA@ 1003bde0     RTPThread.obj
 0003:00000de8       ??_C@_02LEMH@RR?$AA@       1003bde8     RTPThread.obj
 0003:00000dec       ?delim@@3PBDB              1003bdec     RTSPClient.obj
 0003:00000df0       ??_C@_04FGNA@?$AN?6?$AN?6?$AA@ 1003bdf0     RTSPClient.obj
 0003:00000df8       ??_C@_08NOAE@HTTP?11?41?$AA@ 1003bdf8     RTSPClient.obj
 0003:00000e04       ??_C@_0O@OEGL@SET_PARAMETER?$AA@ 1003be04     RTSPClient.obj
 0003:00000e14       ??_C@_08OLFP@TEARDOWN?$AA@ 1003be14     RTSPClient.obj
 0003:00000e20       ??_C@_05JKKC@PAUSE?$AA@    1003be20     RTSPClient.obj
 0003:00000e28       ??_C@_04BCHB@PLAY?$AA@     1003be28     RTSPClient.obj
 0003:00000e30       ??_C@_05GDNH@SETUP?$AA@    1003be30     RTSPClient.obj
 0003:00000e38       ??_C@_08FBJG@DESCRIBE?$AA@ 1003be38     RTSPClient.obj
 0003:00000e44       ??_C@_09KIMP@RTSP?11?40?$AA?$AA@ 1003be44     RTSPClient.obj
 0003:00000e50       ??_C@_03BCPI@?$AN?6?$AA?$AA@ 1003be50     RTSPClient.obj
 0003:00000e54       ??_C@_0L@FKNG@STATE_INIT?$AA@ 1003be54     RTSPClient.obj
 0003:00000e60       ??_C@_0M@MCKP@STATE_READY?$AA@ 1003be60     RTSPClient.obj
 0003:00000e6c       ??_C@_0O@BJGO@STATE_PLAYING?$AA@ 1003be6c     RTSPClient.obj
 0003:00000e7c       ??_C@_09KFOL@STATE_MAX?$AA@ 1003be7c     RTSPClient.obj
 0003:00000e88       ??_C@_0BC@CCKP@rtsp?3?1?1?$CFs?3?$CFd?1ch?$CFd?$AA@ 1003be88     RTSPClient.obj
 0003:00000e9c       ??_C@_0P@FPOC@rtsp?3?1?1?$CFs?1ch?$CFd?$AA@ 1003be9c     RTSPClient.obj
 0003:00000eac       ??_C@_08BOCH@?$CFs?3?5?$CFs?$AN?6?$AA@ 1003beac     RTSPClient.obj
 0003:00000eb8       ??_C@_0L@HMIC@?$CFs?5?$CFs?5?$CFs?$AN?6?$AA@ 1003beb8     RTSPClient.obj
 0003:00000ec4       ??_C@_0BA@KPIM@?1rtsp_over_http?$AA@ 1003bec4     RTSPClient.obj
 0003:00000ed4       ??_C@_0O@NIME@Cache?9Control?$AA@ 1003bed4     RTSPClient.obj
 0003:00000ee4       ??_C@_06EHF@Pragma?$AA@    1003bee4     RTSPClient.obj
 0003:00000eec       ??_C@_08NFFA@no?9cache?$AA@ 1003beec     RTSPClient.obj
 0003:00000ef8       ??_C@_06LNGI@Accept?$AA@   1003bef8     RTSPClient.obj
 0003:00000f00       ??_C@_0BN@KOIE@application?1x?9rtsp?9tunnelled?$AA@ 1003bf00     RTSPClient.obj
 0003:00000f20       ??_C@_0BA@JHJD@x?9sessioncookie?$AA@ 1003bf20     RTSPClient.obj
 0003:00000f30       ??_C@_0N@HKBC@Content?9Type?$AA@ 1003bf30     RTSPClient.obj
 0003:00000f40       ??_C@_08PCPP@If?9Match?$AA@ 1003bf40     RTSPClient.obj
 0003:00000f4c       ??_C@_08ECCJ@?$CC?$CFs?3?3?$CFs?$CC?$AA@ 1003bf4c     RTSPClient.obj
 0003:00000f58       ??_C@_0BA@FCAB@application?1sdp?$AA@ 1003bf58     RTSPClient.obj
 0003:00000f68       ??_C@_07PJLF@Session?$AA@  1003bf68     RTSPClient.obj
 0003:00000f70       ??_C@_0BE@ENAG@RTP?1AVP?1TCP?$DLunicast?$AA@ 1003bf70     RTSPClient.obj
 0003:00000f84       ??_C@_0BA@PFOI@Accept?9Encoding?$AA@ 1003bf84     RTSPClient.obj
 0003:00000f94       ??_C@_05ONBE@?$CFd?0?$CFs?$AA@ 1003bf94     RTSPClient.obj
 0003:00000f9c       ??_C@_09JHGB@Transport?$AA@ 1003bf9c     RTSPClient.obj
 0003:00000fa8       ??_C@_0CC@BPFE@RTP?1AVP?$DLunicast?$DLclient_port?$DN?$CFd?9?$CF@ 1003bfa8     RTSPClient.obj
 0003:00000fcc       ??_C@_08CPOB@rtp?9info?$AA@ 1003bfcc     RTSPClient.obj
 0003:00000fd8       ??_C@_03HBHA@TCP?$AA@      1003bfd8     RTSPClient.obj
 0003:00000fdc       ??_C@_03ECDD@UDP?$AA@      1003bfdc     RTSPClient.obj
 0003:00000fe0       ??_C@_03GMPP@AVP?$AA@      1003bfe0     RTSPClient.obj
 0003:00000fe4       ??_C@_03JGPL@RTP?$AA@      1003bfe4     RTSPClient.obj
 0003:00000fe8       ??_C@_01FDLN@?1?$AA@       1003bfe8     RTSPClient.obj
 0003:00000fec       ??_C@_01FAJB@?$DL?$AA@     1003bfec     RTSPClient.obj
 0003:00000ff0       ??_C@_01GJD@?9?$AA@        1003bff0     RTSPClient.obj
 0003:00000ff4       ??_C@_0M@DANK@server_port?$AA@ 1003bff4     RTSPClient.obj
 0003:00001000       ??_C@_01KPOD@?$DN?$AA@     1003c000     RTSPClient.obj
 0003:00001004       ??_C@_07HEIN@unicast?$AA@  1003c004     RTSPClient.obj
 0003:0000100c       ??_C@_0M@PMOB@interleaved?$AA@ 1003c00c     RTSPClient.obj
 0003:00001018       ??_C@_04OEKM@ssrc?$AA@     1003c018     RTSPClient.obj
 0003:00001020       ??_C@_0L@EHCH@CSeq?3?5?$CFd?$AN?6?$AA@ 1003c020     RTSPClient.obj
 0003:0000102c       ??_C@_0O@GEOF@Session?3?5?$CFs?$AN?6?$AA@ 1003c02c     RTSPClient.obj
 0003:0000103c       ??_C@_05PGBO@?5?$CFs?$AN?6?$AA@ 1003c03c     RTSPClient.obj
 0003:00001044       ??_C@_05MNON@?1Ch?$CFd?$AA@ 1003c044     RTSPClient.obj
 0003:0000104c       ??_C@_03FELK@?1?$CFs?$AA@  1003c04c     RTSPClient.obj
 0003:00001050       ??_C@_03JDAJ@?3?$CFd?$AA@  1003c050     RTSPClient.obj
 0003:00001054       ??_C@_0L@KGMN@?$CFs?5rtsp?3?1?1?$AA@ 1003c054     RTSPClient.obj
 0003:00001060       ??_C@_0P@MJAN@Content?9Length?$AA@ 1003c060     RTSPClient.obj
 0003:00001070       ??_C@_01PILM@$?$AA@        1003c070     RTSPClient.obj
 0003:00001074       ??_C@_04KOLI@CSeq?$AA@     1003c074     RTSPClient.obj
 0003:0000107c       ??_C@_0BE@HOBE@?1start_post_channel?$AA@ 1003c07c     RTSPClient.obj
 0003:00001090       ??_C@_05IPPF@65535?$AA@    1003c090     RTSPClient.obj
 0003:00001098       ??_C@_03LLPA@EOF?$AA@      1003c098     RTSPClient.obj
 0003:0000109c       ??_C@_05ENFA@RTSP?$AA?$AA@ 1003c09c     RTSPMessage.obj
 0003:000010a4       ??_C@_08FNDI@REDIRECT?$AA@ 1003c0a4     RTSPRequest.obj
 0003:000010b0       ??_C@_0O@LHAC@GET_PARAMETER?$AA@ 1003c0b0     RTSPRequest.obj
 0003:000010c0       ??_C@_08NJPI@ANNOUNCE?$AA@ 1003c0c0     RTSPRequest.obj
 0003:000010cc       ??_C@_07MKIM@OPTIONS?$AA@  1003c0cc     RTSPRequest.obj
 0003:000010d4       ??_C@_06KODB@PARAM?3?$AA@  1003c0d4     RTSPRequest.obj
 0003:000010dc       ?m_fsm_handlers@RTSPThread@@1PAP81@AE_NPAUParams@1@@ZA 1003c0dc     RTSPThread.obj
 0003:0000110c       ??_R0?AVCException@@@8     1003c10c     RTSPThread.obj
 0003:00001128       ??_R0?AVEncrypted@@@8      1003c128     RTSPThread.obj
 0003:00001140       ??_C@_09KGJG@?1main?4htm?$AA@ 1003c140     RTSPThread.obj
 0003:0000114c       ??_C@_07LLNA@?$CFs?3?5s?$CFs?$AA@ 1003c14c     RTSPThread.obj
 0003:00001154       ??_C@_03NGMJ@IP4?$AA@      1003c154     SDP.obj
 0003:00001158       ??_C@_01PJCK@?4?$AA@       1003c158     SDP.obj
 0003:0000115c       ??_C@_02EOJ@ua?$AA@        1003c15c     SDP.obj
 0003:00001160       ??_C@_02DPNN@vd?$AA@       1003c160     SDP.obj
 0003:00001164       ??_C@_02MDEI@vs?$AA@       1003c164     SDP.obj
 0003:00001168       ??_C@_01PGHN@o?$AA@        1003c168     SDP.obj
 0003:0000116c       ??_C@_02PBF@ba?$AA@        1003c16c     SDP.obj
 0003:00001170       ??_C@_02BDNF@tk?$AA@       1003c170     SDP.obj
 0003:00001174       ??_C@_02OBFC@pt?$AA@       1003c174     SDP.obj
 0003:00001178       ??_C@_01FNLH@a?$AA@        1003c178     SDP.obj
 0003:0000117c       ??_C@_04JFDK@ndtp?$AA@     1003c17c     SDP.obj
 0003:00001184       ??_C@_04GLLM@http?$AA@     1003c184     SDP.obj
 0003:0000118c       ??_C@_05CIIC@https?$AA@    1003c18c     SDP.obj
 0003:00001194       ??_C@_02JGKN@vt?$AA@       1003c194     SDP.obj
 0003:00001198       ??_C@_02GCCD@ar?$AA@       1003c198     SDP.obj
 0003:0000119c       ??_C@_02GJNP@vr?$AA@       1003c19c     SDP.obj
 0003:000011a0       ??_C@_02DHG@fr?$AA@        1003c1a0     SDP.obj
 0003:000011a4       ??_C@_08NBDB@dstshift?$AA@ 1003c1a4     SDP.obj
 0003:000011b0       ??_C@_07DMKC@dstdate?$AA@  1003c1b0     SDP.obj
 0003:000011b8       ??_C@_02MKAO@am?$AA@       1003c1b8     SDP.obj
 0003:000011bc       ??_C@_02CNAP@df?$AA@       1003c1bc     SDP.obj
 0003:000011c0       ??_C@_02NCLG@de?$AA@       1003c1c0     SDP.obj
 0003:000011c4       ??_C@_02IELE@ds?$AA@       1003c1c4     SDP.obj
 0003:000011c8       ??_C@_02MILE@as?$AA@       1003c1c8     SDP.obj
 0003:000011cc       ??_C@_02FKDL@bc?$AA@       1003c1cc     SDP.obj
 0003:000011d0       ??_C@_02DFLH@an?$AA@       1003c1d0     SDP.obj
 0003:000011d4       ??_C@_02GBME@ac?$AA@       1003c1d4     SDP.obj
 0003:000011d8       ??_C@_02DOEL@vn?$AA@       1003c1d8     SDP.obj
 0003:000011dc       ??_C@_02GKDI@vc?$AA@       1003c1dc     SDP.obj
 0003:000011e0       ??_C@_01IJJ@c?$AA@         1003c1e0     SDP.obj
 0003:000011e4       ??_C@_02BJLP@ca?$AA@       1003c1e4     SDP.obj
 0003:000011e8       ??_C@_01IFC@f?$AA@         1003c1e8     SDP.obj
 0003:000011ec       ??_C@_01FOFA@p?$AA@        1003c1ec     SDP.obj
 0003:000011f0       ??_C@_07IPKB@control?$AA@  1003c1f0     SDP.obj
 0003:000011f8       ??_C@_06OFJH@video?$DN?$AA@ 1003c1f8     SDP.obj
 0003:00001200       ??_C@_06MPA@audio?$DN?$AA@ 1003c200     SDP.obj
 0003:00001208       ??_C@_04NOKC@num?$DN?$AA@  1003c208     SDP.obj
 0003:00001210       ??_C@_02GIEM@?0?5?$AA@     1003c210     SDP.obj
 0003:00001214       ??_C@_06PHBF@clear?3?$AA@  1003c214     SDP.obj
 0003:0000121c       ?GUID_ATLVer30@ATL@@3U_GUID@@A 1003c21c     StdAfx.obj
 0003:0000122c       ??_C@_0BG@HOLJ@?$HM?$HM1?$HM?$HM?$CFs?$HM?$HM0x?$CF?48X?$HM?$HM?$CFd?$HM?$HM?$AA@ 1003c22c     StdAfx.obj
 0003:00001244       ??_C@_09FCOK@127?40?40?41?$AA@ 1003c244     StdAfx.obj
 0003:00001250       ??_C@_0L@CPAD@udp_printf?$AA@ 1003c250     StdAfx.obj
 0003:0000125c       ??_C@_0L@BBFG@gDebug?4dll?$AA@ 1003c25c     StdAfx.obj
 0003:00001268       ??_C@_0BC@JILB@?$HM?$HM2?$HM?$HM?$CFs?$HM?$HM0x?$CF?48X?$HM?$HM?$AA@ 1003c268     StdAfx.obj
 0003:0000127c       ??_C@_0P@DOFI@CoInitializeEx?$AA@ 1003c27c     strmbase:wxutil.obj
 0003:0000128c       ??_C@_09FFJE@ole32?4dll?$AA@ 1003c28c     strmbase:wxutil.obj
 0003:00001298       ??_C@_02MECO@?$CFd?$AA@    1003c298     strmbase:wxutil.obj
 0003:0000129c       ??_C@_09FLBC@AMUnblock?$AA@ 1003c29c     strmbase:wxutil.obj
 0003:000012a8       ??_C@_1BA@DCBD@?$AAU?$AAN?$AAK?$AAN?$AAO?$AAW?$AAN?$AA?$AA@ 1003c2a8     strmbase:amvideo.obj
 0003:000012b8       ??_C@_07CNPM@UNKNOWN?$AA@  1003c2b8     strmbase:amvideo.obj
 0003:000012c0       ??_C@_1BA@IOOM@?$AAO?$AAv?$AAe?$AAr?$AAl?$AAa?$AAy?$AA?$AA@ 1003c2c0     strmbase:amvideo.obj
 0003:000012d0       ??_C@_07PJFM@Overlay?$AA@  1003c2d0     strmbase:amvideo.obj
 0003:000012d8       ??_C@_1BA@FGLJ@?$AAA?$AAR?$AAG?$AAB?$AA?5?$AA3?$AA2?$AA?$AA@ 1003c2d8     strmbase:amvideo.obj
 0003:000012e8       ??_C@_07INFG@ARGB?532?$AA@ 1003c2e8     strmbase:amvideo.obj
 0003:000012f0       ??_C@_1O@DMAN@?$AAR?$AAG?$AAB?$AA?5?$AA3?$AA2?$AA?$AA@ 1003c2f0     strmbase:amvideo.obj
 0003:00001300       ??_C@_06GKL@RGB?532?$AA@   1003c300     strmbase:amvideo.obj
 0003:00001308       ??_C@_1O@HAFP@?$AAR?$AAG?$AAB?$AA?5?$AA2?$AA4?$AA?$AA@ 1003c308     strmbase:amvideo.obj
 0003:00001318       ??_C@_06OPHD@RGB?524?$AA@  1003c318     strmbase:amvideo.obj
 0003:00001320       ??_C@_1CC@JJDB@?$AAR?$AAG?$AAB?$AA?5?$AA5?$AA5?$AA5?$AA?5?$AA?$CI?$AA1?$AA6?$AA?5?$AAb?$AAi?$AAt?$AA?$CJ?$AA?$AA@ 1003c320     strmbase:amvideo.obj
 0003:00001344       ??_C@_0BB@NKKN@RGB?5555?5?$CI16?5bit?$CJ?$AA@ 1003c344     strmbase:amvideo.obj
 0003:00001358       ??_C@_1CC@LNFO@?$AAR?$AAG?$AAB?$AA?5?$AA5?$AA6?$AA5?$AA?5?$AA?$CI?$AA1?$AA6?$AA?5?$AAb?$AAi?$AAt?$AA?$CJ?$AA?$AA@ 1003c358     strmbase:amvideo.obj
 0003:0000137c       ??_C@_0BB@OFDN@RGB?5565?5?$CI16?5bit?$CJ?$AA@ 1003c37c     strmbase:amvideo.obj
 0003:00001390       ??_C@_1M@MAD@?$AAR?$AAG?$AAB?$AA?5?$AA8?$AA?$AA@ 1003c390     strmbase:amvideo.obj
 0003:0000139c       ??_C@_05LOIN@RGB?58?$AA@   1003c39c     strmbase:amvideo.obj
 0003:000013a4       ??_C@_1BA@MAJN@?$AAR?$AAG?$AAB?$AA?5?$AAV?$AAG?$AAA?$AA?$AA@ 1003c3a4     strmbase:amvideo.obj
 0003:000013b4       ??_C@_07PODM@RGB?5VGA?$AA@ 1003c3b4     strmbase:amvideo.obj
 0003:000013bc       ??_C@_1BO@HBIB@?$AAR?$AAG?$AAB?$AA?5?$AAM?$AAo?$AAn?$AAo?$AAc?$AAh?$AAr?$AAo?$AAm?$AAe?$AA?$AA@ 1003c3bc     strmbase:amvideo.obj
 0003:000013dc       ??_C@_0P@NGAD@RGB?5Monochrome?$AA@ 1003c3dc     strmbase:amvideo.obj
 0003:000013ec       ??_C@_0P@CMNN@ThreadingModel?$AA@ 1003c3ec     strmbase:dllsetup.obj
 0003:000013fc       ??_C@_03GJHJ@?$CFls?$AA@   1003c3fc     strmbase:dllsetup.obj
 0003:00001400       ??_C@_09IPFI@CLSID?2?$CFls?$AA@ 1003c400     strmbase:dllsetup.obj
 0003:0000140c       ??_C@_19EPG@?$AAB?$AAo?$AAt?$AAh?$AA?$AA@ 1003c40c     strmbase:dllsetup.obj
 0003:00001418       ??_C@_1BO@OGKK@?$AAI?$AAn?$AAp?$AAr?$AAo?$AAc?$AAS?$AAe?$AAr?$AAv?$AAe?$AAr?$AA3?$AA2?$AA?$AA@ 1003c418     strmbase:dllsetup.obj
 0003:00001438       ??_C@_0BH@LAMO@DirectDrawEnumerateExA?$AA@ 1003c438     strmbase:videoctl.obj
 0003:00001450       ??_C@_0BF@MNK@DirectDrawEnumerateA?$AA@ 1003c450     strmbase:videoctl.obj
 0003:00001468       ??_C@_0BB@DLNE@DirectDrawCreate?$AA@ 1003c468     strmbase:videoctl.obj
 0003:0000147c       ??_C@_09LLMO@DDRAW?4DLL?$AA@ 1003c47c     strmbase:videoctl.obj
 0003:00001490       ??_R0?AVtype_info@@@8      1003c490     MSVCRT:ti_inst.obj
 0003:000014b0       __pRawDllMain              1003c4b0     mfcs42:dllmodul.obj
 0003:000014b8       ??_R0?AVCNoTrackObject@@@8 1003c4b8     mfcs42:dllmodul.obj
 0003:000014d8       ??_R0?AVAFX_MODULE_STATE@@@8 1003c4d8     mfcs42:dllmodul.obj
 0003:000014f8       ??_R0?AV_AFX_DLL_MODULE_STATE@@@8 1003c4f8     mfcs42:dllmodul.obj
 0003:00001520       ?_in_buffer@?1??unpack_input@@9@9 1003c520     audioutil.obj
 0003:00001524       ?_in_bits@?1??unpack_input@@9@9 1003c524     audioutil.obj
 0003:00001528       ??_C@_00A@?$AA@            1003c528     ConfigManager.obj
 0003:0000152c       __GUID_00000000_0000_0000_0000_000000000000 1003c52c     fICSStream_op.obj
 0003:00001540       ?m_csHttpAgent@HttpAgent@@1VCCritSec@@A 1003c540     HttpAgent.obj
 0003:00001560       ?m_thread_buffer@HttpAgent@@1VQueue@@A 1003c560     HttpAgent.obj
 0003:000015a0       ?m_hHttpThread@HttpAgent@@1PAXA 1003c5a0     HttpAgent.obj
 0003:000015a4       ?m_hHttpThreadRunEvent@HttpAgent@@1PAXA 1003c5a4     HttpAgent.obj
 0003:000015a8       ?m_hHttpThreadExitEvent@HttpAgent@@1PAXA 1003c5a8     HttpAgent.obj
 0003:000015ac       ?m_nInstances@HttpAgent@@1JA 1003c5ac     HttpAgent.obj
 0003:000015b0       ?m_csInitalized@HttpAgent@@1_NA 1003c5b0     HttpAgent.obj
 0003:000015bc       ?msg_count@@3HA            1003c5bc     RTPThread.obj
 0003:00001de0       ?ATL_CREATE_OBJECT@CComApartment@ATL@@2IA 1003cde0     StdAfx.obj
 0003:00001de4       ?m_libid@CComModule@ATL@@2U_GUID@@A 1003cde4     StdAfx.obj
 0003:00001df4       ?_pModule@ATL@@3PAVCComModule@1@A 1003cdf4     StdAfx.obj
 0003:00001f08       ?g_hInst@@3PAUHINSTANCE__@@A 1003cf08     strmbase:dllentry.obj
 0003:00001f0c       ?g_amPlatform@@3KA         1003cf0c     strmbase:dllentry.obj
 0003:00001f10       ?g_osInfo@@3U_OSVERSIONINFOA@@A 1003cf10     strmbase:dllentry.obj
 0003:00001fa4       ?m_cLocked@CClassFactory@@0HA 1003cfa4     strmbase:dllentry.obj
 0003:00001fa8       ?hlibOLEAut32@@3PAUHINSTANCE__@@A 1003cfa8     strmbase:combase.obj
 0003:00001fac       ?m_cObjects@CBaseObject@@0JA 1003cfac     strmbase:combase.obj
 0003:00001fbc       __afxForceEXCLUDE          1003cfbc     mfcs42:nolib.obj
 0003:00003064       __afxForceUSRDLL           1003e064     mfcs42:dllmodul.obj
 0003:00003068       __afxForceSTDAFX           1003e068     mfcs42:stdafx.obj
 0003:0000306c       ___onexitend               1003e06c     <common>
 0003:00003070       ___onexitbegin             1003e070     <common>

 entry point at        0001:0001fe10

 Static symbols

 0001:0001e680       _$E251                     1001f680 f   utils.obj
 0001:0001e690       _$E248                     1001f690 f   utils.obj
 0001:0001e6a0       _$E250                     1001f6a0 f   utils.obj
 0001:0001e6b0       _$E249                     1001f6b0 f   utils.obj
 0001:0001e6c0       _$E257                     1001f6c0 f   utils.obj
 0001:0001e6d0       _$E254                     1001f6d0 f   utils.obj
 0001:0001e6e0       _$E256                     1001f6e0 f   utils.obj
 0001:0001e6f0       _$E255                     1001f6f0 f   utils.obj
 0001:0001d180       _$E230                     1001e180 f   StdAfx.obj
 0001:0001d190       _$E227                     1001e190 f   StdAfx.obj
 0001:0001d1a0       _$E229                     1001e1a0 f   StdAfx.obj
 0001:0001d1b0       _$E228                     1001e1b0 f   StdAfx.obj
 0001:0001d220       ?print_out@@YAXPBDZZ       1001e220 f   StdAfx.obj
 0001:0000fb20       ?Transform@@YAXPAK0@Z      10010b20 f   PPPMD5.obj
 0001:0000f280       ?init_get_bits@@YAXPAUGetBitContext@@PBEH@Z 10010280 f   mpeg4_hdr_decode.obj
 0001:0000f2b0       ?skip_bits@@YAXPAUGetBitContext@@H@Z 100102b0 f   mpeg4_hdr_decode.obj
 0001:0000f2c0       ?flv_h263_decode_picture_header@@YAHPAUMPEG4context@@PAUGetBitContext@@@Z 100102c0 f   mpeg4_hdr_decode.obj
 0001:0000f3d0       ?get_bits@@YAIPAUGetBitContext@@H@Z 100103d0 f   mpeg4_hdr_decode.obj
 0001:0000f430       ?get_bits_long@@YAIPAUGetBitContext@@H@Z 10010430 f   mpeg4_hdr_decode.obj
 0001:0000f600       ?decode_vol_header@@YAHPAUMPEG4context@@PAUGetBitContext@@@Z 10010600 f   mpeg4_hdr_decode.obj
 0001:00009b70       _$E231                     1000ab70 f   HttpAgent.obj
 0001:00009b80       _$E227                     1000ab80 f   HttpAgent.obj
 0001:00009b90       _$E230                     1000ab90 f   HttpAgent.obj
 0001:00009ba0       _$E228                     1000aba0 f   HttpAgent.obj
 0001:00009bc0       _$E236                     1000abc0 f   HttpAgent.obj
 0001:00009bd0       _$E233                     1000abd0 f   HttpAgent.obj
 0001:00009be0       _$E235                     1000abe0 f   HttpAgent.obj
 0001:00009bf0       _$E234                     1000abf0 f   HttpAgent.obj
 0001:000093d0       _fmult                     1000a3d0 f   g72x.obj
 0001:00009460       _quan                      1000a460 f   g72x.obj
 0001:00008d50       _search                    10009d50 f   g711.obj
 0001:000296b0       ?ArrayUnwindFilter@@YAHPAU_EXCEPTION_POINTERS@@@Z 1002a6b0 f   MSVCRT:ehvecdtr.obj
 0001:00029c42       _$E375                     1002ac42 f   mfcs42:dllmodul.obj
 0001:00029c4c       _$E372                     1002ac4c f   mfcs42:dllmodul.obj
 0001:00029c94       _$E374                     1002ac94 f   mfcs42:dllmodul.obj
 0001:00029ca0       _$E373                     1002aca0 f   mfcs42:dllmodul.obj
